.MIO_PLC_MMPREADY;6;0;1;
.Mio_ERC_Other;6;1;4;
.Mio_ERC_ParmInvalid;6;5;4;
.Mio_ERC_NoCard;6;9;4;
.Mio_ERC_NoSelf;6;13;4;
.Mio_ERC_Other2;6;17;4;
.Mio_ERC_NoMemory;6;21;4;
.Mio_ERC_Internal;6;25;4;
.Mio_OBJ_AllChan;6;29;4;
.Mio_OBJ_Card;6;33;4;
.MIO_MODE_REAL;6;37;4;
.MIO_MODE_VIRTUAL;6;41;4;
.MIO_MODE_VIRTSIM;6;45;4;
.MIO_MODE_REALFB;6;49;4;
.MIO_MODE_VIRTUALRW;6;53;4;
.MIO_MODE_REALSRV;6;57;4;
.MIO_MODE_VIRTUALSRV;6;61;4;
.Mio_TYP_MP213;6;65;4;
.Mio_TYP_MP2XX;6;69;4;
.Mio_TYP_DI216;6;73;4;
.Mio_TYP_DO216;6;77;4;
.Mio_TYP_DI232;6;81;4;
.Mio_TYP_DO232;6;85;4;
.Mio_TYP_AI204;6;89;4;
.Mio_TYP_AO202;6;93;4;
.Mio_TYP_ISI202;6;97;4;
.Mio_TYP_AIO288;6;101;4;
.Mio_TYP_FBM201;6;105;4;
.Mio_TYP_FBS202;6;109;4;
.Mio_TYP_CM202;6;113;4;
.Mio_TYP_BEM201;6;117;4;
.Mio_TYP_BES202;6;121;4;
.Mio_TYP_ACR222;6;125;4;
.Mio_TYP_ME203;6;129;4;
.Mio_TYP_CS200;6;133;4;
.Mio_TYP_RS204;6;137;4;
.Mio_TYP_DMS202;6;141;4;
.Mio_TYP_NT230;6;145;4;
.Mio_TYP_DIO216;6;149;4;
.Mio_TYP_DI212;6;153;4;
.Mio_TYP_DIO264_C;6;157;4;
.Mio_TYP_BS2XX;6;161;4;
.Mio_TYP_FM21X;6;165;4;
.Mio_TYP_FS21X;6;169;4;
.Mio_Typ_FM2XX;6;173;4;
.Mio_Typ_FS2XX;6;177;4;
.Mio_TYP_ES200;6;181;4;
.Mio_TYP_DPM200;6;185;4;
.Mio_TYP_CNT204;6;189;4;
.Mio_TYP_PTAI216;6;193;4;
.Mio_TYP_PWM202;6;197;4;
.Mio_TYP_TCO216_C;6;201;4;
.Mio_TYP_AO208;6;205;4;
.Mio_TYP_DIO280;6;209;4;
.Mio_TYP_DIO2XX;6;213;4;
.Mio_TYP_TTL264;6;217;4;
.Mio_TYP_SEM201;6;221;4;
.Mio_TYP_IOP201;6;225;4;
.Mio_TYP_BSI200;6;229;4;
.Mio_TYP_MTS200;6;233;4;
.Mio_TYP_PCFS212;6;237;4;
.Mio_TYP_DNM201;6;241;4;
.Mio_TYP_AI20XSI;6;245;4;
.Mio_TYP_AO20XSI;6;249;4;
.Mio_TYP_WT305E;6;253;4;
.Mio_TYP_EM203;6;257;4;
.Mio_TYP_MPC2XX;6;261;4;
.Mio_TYP_MX2XX;6;265;4;
.Mio_TYP_WT3XX;6;269;4;
.Mio_TYP_PCM201;6;273;4;
.Mio_TYP_DIO232;6;277;4;
.Mio_TYP_BET200;6;281;4;
.Mio_TYP_PN201;6;285;4;
.Mio_TYP_NT255;6;289;4;
.Mio_TYP_MBM201;6;293;4;
.Mio_TYP_WT2XX;6;297;4;
.Mio_TYP_CT2XX;6;301;4;
.Mio_TYP_DA3284C;6;305;4;
.Mio_TYP_AIC2XX;6;309;4;
.Mio_TYP_CAN;6;313;4;
.Mio_TYP_ECAT201;6;317;4;
.Mio_TYP_TI214;6;321;4;
.Mio_TYP_EVALBOARD;6;325;4;
.Mio_TYP_PN23;6;329;4;
.Mio_TYP_OT100;6;333;4;
.Mio_TYP_SLC284;6;337;4;
.Mio_TYP_SDI208;6;341;4;
.Mio_TYP_SDO204;6;345;4;
.Mio_TYP_ETH2X;6;349;4;
.Mio_TYP_DOR206;6;353;4;
.Mio_TYP_DMW200;6;357;4;
.Mio_TYP_SERCOS;6;361;4;
.Mio_TYP_AP211;6;365;4;
.Mio_TYP_MH2XX;6;369;4;
.Mio_TYP_MMSCNLT;6;373;4;
.Mio_TYP_SFS240C;6;377;4;
.Mio_TYP_FCS2XX;6;381;4;
.Mio_TYP_CT1300;6;385;4;
.Mio_TYP_OT1300;6;389;4;
.Mio_TYP_AI208SI;6;393;4;
.Mio_TYP_GMP232;6;397;4;
.Mio_TYP_BCP200;6;401;4;
.Mio_TYP_BCH200;6;405;4;
.Mio_TYP_EM213;6;409;4;
.Mio_TYP_ECS200;6;413;4;
.Mio_TYP_BCP202;6;417;4;
.Mio_TYP_BCH202;6;421;4;
.Mio_TYP_BCR202;6;425;4;
.Mio_TYP_MC2XX;6;429;4;
.Mio_TYP_MBUS;6;433;4;
.MIO_TYP_GIO2XX;6;437;4;
.MIO_TYP_GSP274;6;441;4;
.MIO_TYP_S60870_5;6;445;4;
.MIO_TYP_AIO2XX;6;449;4;
.MIO_TYP_SVMXXX;6;453;4;
.MIO_TYP_OPCUAS;6;457;4;
.MIO_TYP_BPC600;6;461;4;
.MIO_TYP_STMI3XX;6;465;4;
.MIO_TYP_GM260;6;469;4;
.MIO_TYP_CPC2XX;6;473;4;
.MIO_TYP_CAIO284;6;477;4;
.MIO_TYP_CISI2XX;6;481;4;
.MIO_TYP_CDIO2XX;6;485;4;
.MIO_TYP_GM2XX;6;489;4;
.MIO_TYP_OT1200;6;493;4;
.MIO_TYP_MR2XX;6;497;4;
.MIO_TYP_DIOXXC;6;501;4;
.MIO_TYP_AIO2XXSI;6;505;4;
.MIO_TYP_DNP3;6;509;4;
.MIO_TYP_SCT202;6;513;4;
.MIO_TYP_GMP232X;6;517;4;
.MIO_TYP_PVA2XX;6;521;4;
.MIO_TYP_TSTDRV;6;525;4;
.MIO_V_MP213;6;529;4;
.MIO_V_MP226;6;533;4;
.MIO_V_MP236;6;537;4;
.MIO_V_MP240;6;541;4;
.MIO_V_MP213EW;6;545;4;
.MIO_V_MP226EW;6;549;4;
.MIO_V_ME203;6;553;4;
.MIO_V_ME203N;6;557;4;
.MIO_V_ME203C;6;561;4;
.MIO_V_ME203CN;6;565;4;
.MIO_V_ME203E;6;569;4;
.MIO_V_ME203EN;6;573;4;
.MIO_V_ME203CNW;6;577;4;
.MIO_VF_DISPLAYMASK;6;581;4;
.MIO_VF_DIMMABLE;6;585;4;
.MIO_VF_IRTOUCH;6;589;4;
.MIO_VF_ALARM;6;593;4;
.MIO_V_WT305;6;597;4;
.MIO_V_WT306;6;601;4;
.MIO_V_WT310;6;605;4;
.MIO_V_WT312;6;609;4;
.MIO_V_WT315;6;613;4;
.MIO_V_WT317;6;617;4;
.MIO_V_WT319;6;621;4;
.MIO_V_WT305V;6;625;4;
.MIO_V_CT305;6;629;4;
.MIO_V_CT306;6;633;4;
.MIO_V_CT310;6;637;4;
.MIO_V_CT312;6;641;4;
.MIO_V_CT315;6;645;4;
.MIO_V_CT317;6;649;4;
.MIO_V_CT319;6;653;4;
.MIO_V_CT305V;6;657;4;
.MIO_V_WT205;6;661;4;
.MIO_V_WT205V;6;665;4;
.MIO_V_CT205;6;669;4;
.MIO_V_CT205V;6;673;4;
.MIO_V_CT205M;6;677;4;
.MIO_V_MPC240;6;681;4;
.MIO_V_MPC265;6;685;4;
.MIO_V_MPC270;6;689;4;
.MIO_V_MPC293;6;693;4;
.MIO_V_MPC240CW;6;697;4;
.MIO_V_MPC265CW;6;701;4;
.MIO_V_MPC270CW;6;705;4;
.MIO_V_MPC293CW;6;709;4;
.MIO_V_MPE2XX;6;713;4;
.MIO_V_MPE240;6;717;4;
.MIO_V_MPE265;6;721;4;
.MIO_V_MPE270;6;725;4;
.MIO_VF_MX2xx_N;6;729;4;
.MIO_VF_MX2xx_CW;6;733;4;
.MIO_V_MX213;6;737;4;
.MIO_V_MX213N;6;741;4;
.MIO_V_MX213CW;6;745;4;
.MIO_V_MX213NCW;6;749;4;
.MIO_V_MX207;6;753;4;
.MIO_V_MX207N;6;757;4;
.MIO_V_MX207CW;6;761;4;
.MIO_V_MX207NCW;6;765;4;
.MIO_V_MX220;6;769;4;
.MIO_V_MX220N;6;773;4;
.MIO_V_MX220CW;6;777;4;
.MIO_V_MX220NCW;6;781;4;
.MIO_V_MH212S;6;785;4;
.MIO_V_MH212;6;789;4;
.MIO_V_MH230;6;793;4;
.MIO_V_MC205;6;797;4;
.MIO_V_MC210;6;801;4;
.MIO_V_MC206;6;805;4;
.MIO_V_MC212;6;809;4;
.MIO_V_MC220;6;813;4;
.MIO_V_ISI222;6;817;4;
.MIO_V_DIO43C;6;821;4;
.MIO_V_DIO62C;6;825;4;
.MIO_V_CPC210;6;829;4;
.MIO_V_MR201;6;833;4;
.MIO_V_MR202;6;837;4;
.MIO_V_GM230;6;841;4;
.MIO_V_GM210;6;845;4;
.MIO_V_GMP232_1;6;849;4;
.MIO_V_GMP232_2;6;853;4;
.MIO_V_GMP232_3;6;857;4;
.MIO_V_GMP232_4;6;861;4;
.Mio_CTG_Di;6;865;4;
.Mio_CTG_Do;6;869;4;
.Mio_CTG_Ai;6;873;4;
.Mio_CTG_Ao;6;877;4;
.Mio_CTG_Inc;6;881;4;
.Mio_CTG_Ssi;6;885;4;
.Mio_CTG_Drive;6;889;4;
.Mio_CTG_Interface;6;893;4;
.Mio_CTG_Count;6;897;4;
.Mio_CTG_Trigg;6;901;4;
.Mio_CTG_Pwm;6;905;4;
.Mio_CTG_Freq;6;909;4;
.Mio_CTG_Stat;6;913;4;
.Mio_CTG_Cntrl;6;917;4;
.Mio_CTG_Time;6;921;4;
.Mio_CTG_Diff;6;925;4;
.Mio_CTG_Velocity;6;929;4;
.Mio_CTG_Bes;6;933;4;
.Mio_CTG_Bem;6;937;4;
.Mio_CTG_Cpu;6;941;4;
.Mio_CTG_Fbs;6;945;4;
.Mio_CTG_Fbm;6;949;4;
.Mio_CTG_FB;6;953;4;
.Mio_FLG_Read;6;957;4;
.Mio_FLG_Write;6;961;4;
.Mio_FLG_RW;6;965;4;
.Mio_FLG_Error;6;969;4;
.Mio_FLG_Event;6;973;4;
.Mio_FLG_Select;6;977;4;
.Mio_FLG_BadIO;6;981;4;
.Mio_FLG_Fnled;6;985;4;
.Mio_FLG_Bcheck;6;989;4;
.Mio_FLG_Acheck;6;993;4;
.Mio_FLG_Watchdog;6;997;4;
.Mio_FLG_Firmware;6;1001;4;
.Mio_FLG_SVar;6;1005;4;
.Mio_FLG_HwPiReady;6;1009;4;
.Mio_FLG_HwPiSupp;6;1013;4;
.Mio_FLG_FIFOVar;6;1017;4;
.Mio_FLG_ChPiSupp;6;1021;4;
.Mio_ERR_Badstation;6;1025;4;
.Mio_ERR_Power;6;1029;4;
.Mio_ERR_BrokenWire;6;1033;4;
.Mio_ERR_ShortCirc;6;1037;4;
.Mio_ERR_TempTooHi;6;1041;4;
.Mio_ERR_Decoder;6;1045;4;
.Mio_ERR_Accu;6;1049;4;
.Mio_ERR_ChanDisabled;6;1053;4;
.Mio_ERR_Init;6;1057;4;
.Mio_ERR_BadConfig;6;1061;4;
.Mio_ERR_Watchdog;6;1065;4;
.Mio_ERR_External;6;1069;4;
.Mio_ERR_Ready;6;1073;4;
.Mio_ERR_Dead;6;1077;4;
.Mio_ERR_OutDisabled;6;1081;4;
.Mio_ERR_Voltagetohi;6;1085;4;
.Mio_ERR_Voltagetolo;6;1089;4;
.Mio_ERR_Currenttohi;6;1093;4;
.Mio_ERR_Badprofile;6;1097;4;
.Mio_ERR_MaskSystem;6;1101;4;
.Mio_ERR_MaskUser;6;1105;4;
.Mio_EVT_Value;6;1109;4;
.Mio_EVT_Reference;6;1113;4;
.Mio_EVT_Reset;6;1117;4;
.Mio_EVT_Latchstrb;6;1121;4;
.Mio_EVT_Latchref;6;1125;4;
.Mio_EVT_Latchstrbov;6;1129;4;
.Mio_EVT_Latchreflos;6;1133;4;
.Mio_ERR_Clock;6;1137;4;
.MIO_ERR_MAXCURRENT;6;1141;4;
.MIO_ERR_TRANSMIT;6;1145;4;
.MIO_ERR_PCIRESET;6;1149;4;
.MIO_ERR_POSRANGE;6;1153;4;
.MIO_ERR_NEGRANGE;6;1157;4;
.MIO_ERR_MONITORING;6;1161;4;
.Mio_ERR_SafetyGenErr;6;1165;4;
.MIO_ERR_CONNECTION;6;1169;4;
.MIO_ERR_EXCEPTION;6;1173;4;
.MIO_ERR_CYCLETIMETOOLONG;6;1177;4;
.MIO_ERR_CRCERROR;6;1181;4;
.MIO_WRN_LINE_A;6;1185;4;
.MIO_ERR_LINE_A;6;1189;4;
.MIO_WRN_LINE_B;6;1193;4;
.MIO_ERR_LINE_B;6;1197;4;
.MIO_ERR_TRIGGER_A;6;1201;4;
.MIO_ERR_ECSGENERR;6;1205;4;
.MIO_EVT_ECSSYNC0;6;1209;4;
.MIO_EVT_ECSSYNC1;6;1213;4;
.MIO_ERR_PWFMODULE;6;1217;4;
.MIO_ERR_PHASE;6;1221;4;
.MIO_EVT_OVERFLOW;6;1225;4;
.MIO_ERR_LOWERRANGE;6;1229;4;
.MIO_ERR_UPPERRANGE;6;1233;4;
.MIO_EVT_REFERENCE2;6;1237;4;
.MIO_EVT_LOWERLIMIT;6;1241;4;
.MIO_EVT_UPPERLIMIT;6;1245;4;
.MIO_EVT_OVERSPEED;6;1249;4;
.MIO_EVT_STAGNATION;6;1253;4;
.MIO_EVT_POWER_UART1;6;1257;4;
.MIO_EVT_POWER_UART2;6;1261;4;
.MIO_EVT_POWER_UART3;6;1265;4;
.MIO_EVT_POWER_UART4;6;1269;4;
.MIO_EVT_QU_PCC1;6;1273;4;
.MIO_EVT_QU_PCC2;6;1277;4;
.MIO_EVT_ANYZERO;6;1281;4;
.MIO_EVT_P1ZERO;6;1285;4;
.MIO_EVT_SCOPE;6;1289;4;
.MIO_EVT_HEARTBEAT;6;1293;4;
.MIO_EVT_REV_POWER1;6;1297;4;
.MIO_EVT_REV_POWER2;6;1301;4;
.MIO_EVT_HARM_U;6;1305;4;
.MIO_EVT_U_ASYM1;6;1309;4;
.MIO_EVT_U_ASYM2;6;1313;4;
.MIO_EVT_THD_U;6;1317;4;
.MIO_EVT_I_ASYM1;6;1321;4;
.MIO_EVT_I_ASYM2;6;1325;4;
.MIO_EVT_HARM_I;6;1329;4;
.MIO_EVT_VECTORJUMP1;6;1333;4;
.MIO_EVT_VECTORJUMP2;6;1337;4;
.MIO_EVT_TDD_I;6;1341;4;
.MIO_EVT_DIRCURRENT1;6;1345;4;
.MIO_EVT_DIRCURRENT2;6;1349;4;
.MIO_EVT_ROCOF;6;1353;4;
.MIO_EVT_MAX_POWER1;6;1357;4;
.MIO_EVT_MAX_POWER2;6;1361;4;
.MIO_EVT_MANUAL_REL1;6;1365;4;
.MIO_EVT_MANUAL_REL2;6;1369;4;
.MIO_ERR_NEGSYS_HI;6;1373;4;
.MIO_ERR_V_LO1;6;1377;4;
.MIO_ERR_V_LO2;6;1381;4;
.MIO_ERR_V_HI4;6;1385;4;
.MIO_ERR_V_LO3;6;1389;4;
.MIO_ERR_V_LO4;6;1393;4;
.MIO_ERR_V_HI1;6;1397;4;
.MIO_ERR_V_HI2;6;1401;4;
.MIO_ERR_V_HI3;6;1405;4;
.MIO_ERR_VFRT1;6;1409;4;
.MIO_ERR_VFRT2;6;1413;4;
.MIO_ERR_VFRT3;6;1417;4;
.MIO_ERR_VFRT4;6;1421;4;
.MIO_ERR_I_HI1;6;1425;4;
.MIO_ERR_I_HI2;6;1429;4;
.MIO_ERR_I_HI3;6;1433;4;
.MIO_ERR_QU_GEN1;6;1437;4;
.MIO_ERR_QU_GEN2;6;1441;4;
.MIO_ERR_FFRT1;6;1445;4;
.MIO_ERR_FFRT2;6;1449;4;
.MIO_ERR_F_HI3;6;1453;4;
.MIO_ERR_F_HI2;6;1457;4;
.MIO_ERR_F_HI1;6;1461;4;
.MIO_ERR_F_LO3;6;1465;4;
.MIO_ERR_F_LO2;6;1469;4;
.MIO_ERR_F_LO1;6;1473;4;
.MIO_ERR_MSK_GMP232X;6;1477;4;
.Mio_MODE_In;6;1481;4;
.Mio_MODE_Out;6;1485;4;
.Mio_MODE_InOutMsk;6;1489;4;
.Mio_MODE_PosEdge;6;1493;4;
.Mio_MODE_NegEdge;6;1497;4;
.Mio_MODE_BothEdges;6;1501;4;
.MIO_MODE_UNUSED;6;1505;4;
.Mio_MODE_10V;6;1509;4;
.Mio_MODE_PT100;6;1513;4;
.Mio_MODE_1V;6;1517;4;
.Mio_MODE_20MA;6;1521;4;
.Mio_MODE_04_20MA;6;1525;4;
.Mio_MODE_PM20MA;6;1529;4;
.Mio_MODE_VRangeMsk;6;1533;4;
.Mio_MODE_PT100_2;6;1537;4;
.Mio_MODE_PT100_3;6;1541;4;
.Mio_MODE_PT1000_2;6;1545;4;
.Mio_MODE_PT1000_3;6;1549;4;
.Mio_MODE_Thermo_J;6;1553;4;
.Mio_MODE_Thermo_K;6;1557;4;
.Mio_MODE_Thermo_N;6;1561;4;
.Mio_MODE_Thermo_S;6;1565;4;
.Mio_MODE_DMS;6;1569;4;
.Mio_MODE_SPZENT;6;1573;4;
.Mio_MODE_UPZENT;6;1577;4;
.Mio_MODE_S5A;6;1581;4;
.Mio_MODE_UINT;6;1585;4;
.Mio_MODE_SINT;6;1589;4;
.Mio_MODE_XINT;6;1593;4;
.Mio_MODE_FREQ;6;1597;4;
.Mio_MODE_Filt333Hz;6;1601;4;
.Mio_MODE_Filt4KHz;6;1605;4;
.Mio_MODE_Fil50Hz;6;1609;4;
.Mio_MODE_Filt60Hz;6;1613;4;
.Mio_MODE_NoTempComp;6;1617;4;
.Mio_MODE_Sample1;6;1621;4;
.Mio_MODE_Sample8;6;1625;4;
.Mio_MODE_Sample16;6;1629;4;
.Mio_MODE_Sample32;6;1633;4;
.Mio_MODE_SampleMsk;6;1637;4;
.Mio_MODE_Interpol0;6;1641;4;
.Mio_MODE_Interpol1;6;1645;4;
.Mio_MODE_Interpol2;6;1649;4;
.Mio_MODE_Interpol3;6;1653;4;
.Mio_MODE_PulseDir;6;1657;4;
.Mio_MODE_Single;6;1661;4;
.Mio_MODE_Double;6;1665;4;
.Mio_MODE_Quad;6;1669;4;
.Mio_MODE_Reset;6;1673;4;
.Mio_MODE_NoZero;6;1677;4;
.Mio_MODE_NoHome;6;1681;4;
.Mio_MODE_AutoLd;6;1685;4;
.Mio_MODE_LatchRef;6;1689;4;
.Mio_MODE_LatchStrobe;6;1693;4;
.Mio_MODE_Vr;6;1697;4;
.Mio_MODE_Set;6;1701;4;
.Mio_MODE_NoPrty;6;1705;4;
.Mio_MODE_Even;6;1709;4;
.Mio_MODE_Odd;6;1713;4;
.Mio_MODE_PariMsk;6;1717;4;
.Mio_MODE_Bin;6;1721;4;
.Mio_MODE_Gray;6;1725;4;
.Mio_MODE_Inc;6;1729;4;
.Mio_MODE_Ssi;6;1733;4;
.Mio_MODE_Sync;6;1737;4;
.MIO_M_LATHOME_R;6;1741;4;
.MIO_M_LATHOME_S;6;1745;4;
.MIO_M_LATTRIG_S;6;1749;4;
.Mio_MODE_Continuous;6;1753;4;
.MIO_M_GATETIME;6;1757;4;
.MIO_M_PERIOD;6;1761;4;
.MIO_M_AUTO;6;1765;4;
.Mio_MODE_FastPFail;6;1769;4;
.Mio_MODE_Count;6;1773;4;
.Mio_MODE_Trigg;6;1777;4;
.MIO_M_PULSEDIR;6;1781;4;
.Mio_MODE_CntTime;6;1785;4;
.Mio_MODE_IncTime;6;1789;4;
.Mio_MODE_DiffTime;6;1793;4;
.Mio_MODE_2MV;6;1797;4;
.Mio_MODE_4MV;6;1801;4;
.Mio_MODE_8MV;6;1805;4;
.Mio_MODE_16MV;6;1809;4;
.Mio_MODE_AutoR;6;1813;4;
.Mio_MODE_DmsRanMsk;6;1817;4;
.Mio_MODE_IncModMsk;6;1821;4;
.Mio_MODE_Brake;6;1825;4;
.Mio_MODE_Operate;6;1829;4;
.Mio_MODE_RunMsk;6;1833;4;
.Mio_MODE_Pwm;6;1837;4;
.Mio_MODE_Control;6;1841;4;
.Mio_MODE_ContMsk;6;1845;4;
.Mio_MODE_ResLo;6;1849;4;
.Mio_MODE_ResHi;6;1853;4;
.Mio_MODE_ResMsk;6;1857;4;
.Mio_MODE_Sma;6;1861;4;
.Mio_MODE_Lap;6;1865;4;
.Mio_MODE_ModeMsk;6;1869;4;
.Mio_MODE_Open;6;1873;4;
.Mio_MODE_Upper;6;1877;4;
.Mio_MODE_Lower;6;1881;4;
.Mio_MODE_BrakeMsk;6;1885;4;
.Mio_MODE_Edge;6;1889;4;
.Mio_MODE_Center;6;1893;4;
.Mio_MODE_AlignMsk;6;1897;4;
.Mio_MODE_PreScal;6;1901;4;
.Mio_MODE_PreScMsk;6;1905;4;
.Mio_MODE_PwmUsrMsk;6;1909;4;
.MIO_M_SAFETY_ERROR;6;1913;4;
.MIO_M_SAFETY_PROG;6;1917;4;
.MIO_M_SAFETY_TEST;6;1921;4;
.MIO_M_SAFETY_SAFE;6;1925;4;
.MIO_M_SAFETY_WAITFORSAFE;6;1929;4;
.MIO_M_SAFETY_BIOS;6;1933;4;
.MIO_M_SAFETY_SAFEDELAY;6;1937;4;
.MIO_M_SAFETY_GOLDEN_REF;6;1941;4;
.MIO_M_PVA_UNIPOLAR;6;1945;4;
.MIO_M_PVA_BIPOLAR;6;1949;4;
.MIO_M_PVA_UNIPOLAR2COIL;6;1953;4;
.MIO_M_PVA_UNUSED;6;1957;4;
.MIO_M_PVA_DISABLED;6;1961;4;
.MIO_M_PVA_ENABLED;6;1965;4;
.MIO_M_GIORUN;6;1969;4;
.MIO_M_GIOSTOP;6;1973;4;
.MIO_M_GIOSPECDITYPE3;6;1977;4;
.MIO_M_GIOSPECDITYPE2;6;1981;4;
.MIO_M_GIOSPECDITYPE1;6;1985;4;
.MIO_M_GIOSPECDISOURCE;6;1989;4;
.MIO_M_GIOSPECDICMP;6;1993;4;
.MIO_M_GIOSPECDIMODES;6;1997;4;
.MIO_M_GIODISABLED;6;2001;4;
.MIO_M_GIODISOURCE;6;2005;4;
.MIO_M_GIODITYPE1;6;2009;4;
.MIO_M_GIODITYPE2;6;2013;4;
.MIO_M_GIODITYPE3;6;2017;4;
.MIO_M_GIODITYPECMP;6;2021;4;
.MIO_M_GIODOPUSHPULL;6;2025;4;
.MIO_M_GIODOIOLINK;6;2029;4;
.MIO_M_GIODOLOWSIDE;6;2033;4;
.MIO_M_GIODOHIGHSIDE;6;2037;4;
.MIO_M_GIOVI_10V;6;2041;4;
.MIO_M_GIOVI_1V;6;2045;4;
.MIO_M_GIOVI_100mV;6;2049;4;
.MIO_M_GIOVI_10mV;6;2053;4;
.MIO_M_GIOVIRANGE1;6;2057;4;
.MIO_M_GIOVIRANGE2;6;2061;4;
.MIO_M_GIOVO;6;2065;4;
.MIO_M_GIOVOEXT;6;2069;4;
.MIO_M_GIOCI_20mA;6;2073;4;
.MIO_M_GIOCI_4_20mA;6;2077;4;
.MIO_M_GIOCI_0_20mA;6;2081;4;
.MIO_M_GIOCO_0_20mA;6;2085;4;
.MIO_M_GIOCO_4_20mA;6;2089;4;
.MIO_M_GIOCO_0_2mA;6;2093;4;
.MIO_M_GIOCO_0_200uA;6;2097;4;
.MIO_M_GIOCNTEDGE;6;2101;4;
.MIO_M_GIOCNTTIMEPERIOD;6;2105;4;
.MIO_M_GIOCNTTIMEPULSE;6;2109;4;
.MIO_M_GIOCNTDUALEDGETRIG;6;2113;4;
.MIO_M_GIOCNTDUALEDGERESET;6;2117;4;
.MIO_M_GIOCNTDUALEDGEGATE;6;2121;4;
.MIO_M_GIOCNTDUALEDGEDIR;6;2125;4;
.MIO_M_GIOCNTDUALEDGETIME;6;2129;4;
.MIO_M_GIOCNTINC_1;6;2133;4;
.MIO_M_GIOCNTINC_2;6;2137;4;
.MIO_M_GIOCNTINC_4;6;2141;4;
.MIO_M_GIOPWMPUSHPULL;6;2145;4;
.MIO_M_GIOPWMLOWSIDE;6;2149;4;
.MIO_M_GIOPWMHIGHSIDE;6;2153;4;
.MIO_M_GIOPWMDUALPUSHPULL;6;2157;4;
.MIO_M_GIOPWMDUALLOWSIDE;6;2161;4;
.MIO_M_GIOPWMDUALHIGHSIDE;6;2165;4;
.MIO_M_GIOTEMOELEM_J;6;2169;4;
.MIO_M_GIOTEMOELEM_K;6;2173;4;
.MIO_M_GIOTEMOELEM_T;6;2177;4;
.MIO_M_GIOTEMOELEM_N;6;2181;4;
.MIO_M_GIOTEMOELEM_E;6;2185;4;
.MIO_M_GIOTEMOELEM_R;6;2189;4;
.MIO_M_GIOTEMOELEM_S;6;2193;4;
.MIO_M_GIOTEMOELEM_B;6;2197;4;
.MIO_M_GIOPT100_2;6;2201;4;
.MIO_M_GIOPT100_3;6;2205;4;
.MIO_M_GIOPT100_4;6;2209;4;
.MIO_M_GIOPT200_2;6;2213;4;
.MIO_M_GIOPT200_3;6;2217;4;
.MIO_M_GIOPT200_4;6;2221;4;
.MIO_M_GIOPT500_2;6;2225;4;
.MIO_M_GIOPT500_3;6;2229;4;
.MIO_M_GIOPT500_4;6;2233;4;
.MIO_M_GIOPT1000_2;6;2237;4;
.MIO_M_GIOPT1000_3;6;2241;4;
.MIO_M_GIOPT1000_4;6;2245;4;
.MIO_M_GIOIOLINK;6;2249;4;
.MIO_M_GIODODUALPUSHPULL;6;2253;4;
.MIO_M_GIODODUALLOWSIDE;6;2257;4;
.MIO_M_GIODODUALHIGHSIDE;6;2261;4;
.MIO_M_GIOFRQHIGHSIDE;6;2265;4;
.MIO_M_GIOFRQPUSHPULL;6;2269;4;
.MIO_M_GIOFRQLOWSIDE;6;2273;4;
.MIO_M_GIOINVERT;6;2277;4;
.MIO_M_GIOPUSHPULL;6;2281;4;
.MIO_M_GIOPUSHPUSH;6;2285;4;
.MIO_M_GIOFAST;6;2289;4;
.MIO_M_GIODOPULSE;6;2293;4;
.MIO_M_GIOCNTUP;6;2297;4;
.MIO_M_GIOCNTDOWN;6;2301;4;
.MIO_M_GIORISING;6;2305;4;
.MIO_M_GIOFALLING;6;2309;4;
.MIO_M_GIOBOTH;6;2313;4;
.MIO_M_RESETATREFERENCE;6;2317;4;
.MIO_M_GIOPWMNOTLOCKED;6;2321;4;
.MIO_M_GIOPWMLOCKED;6;2325;4;
.MIO_M_GIOSYNC;6;2329;4;
.MIO_M_GIOLIMITERROR;6;2333;4;
.MIO_M_GIOFIFO;6;2337;4;
.MIO_M_GIOFREQUENCY;6;2341;4;
.MIO_M_GIOPULSE;6;2345;4;
.MIO_M_GIOGROUNDED;6;2349;4;
.MIO_M_GIOCANCONFIG;6;2353;4;
.Mio_CMD_GetVersion;6;2357;4;
.Mio_CMD_GetErrStatist;6;2361;4;
.Mio_CMD_UpdateSw;6;2365;4;
.Mio_CMD_TrigWDog;6;2369;4;
.Mio_CMD_ClrInt;6;2373;4;
.Mio_CMD_SetParameter;6;2377;4;
.Mio_CMD_SetMode;6;2381;4;
.Mio_CMD_GetMode;6;2385;4;
.Mio_CMD_Mark;6;2389;4;
.Mio_CMD_LoadBusPar;6;2393;4;
.Mio_CMD_ReadBusPar;6;2397;4;
.Mio_CMD_GlobalCtrl;6;2401;4;
.Mio_CMD_SetRawParam;6;2405;4;
.Mio_CMD_TempComp;6;2409;4;
.Mio_CMD_ReadCalib;6;2413;4;
.Mio_CMD_GetEvent;6;2417;4;
.Mio_CMD_SetMinMaxEvent;6;2421;4;
.Mio_CMD_GetMinMaxEvent;6;2425;4;
.Mio_CMD_SetMinMaxError;6;2429;4;
.Mio_CMD_GetMinMaxError;6;2433;4;
.Mio_CMD_SetRef;6;2437;4;
.Mio_CMD_ZInit;6;2441;4;
.Mio_CMD_GetRst;6;2445;4;
.Mio_CMD_EnableRst;6;2449;4;
.Mio_CMD_DisableRst;6;2453;4;
.Mio_CMD_GetStrobe;6;2457;4;
.Mio_CMD_GetRef;6;2461;4;
.Mio_CMD_GetAct;6;2465;4;
.Mio_CMD_GetStrbStat;6;2469;4;
.Mio_CMD_GetInpStat;6;2473;4;
.Mio_CMD_GetZeroStat;6;2477;4;
.Mio_CMD_SetFreq;6;2481;4;
.Mio_CMD_SetDLen;6;2485;4;
.Mio_CMD_SetInterval;6;2489;4;
.Mio_CMD_Reset;6;2493;4;
.Mio_CMD_SetFilter;6;2497;4;
.Mio_CMD_GetFrequency;6;2501;4;
.MIO_CMD_GETFREQ;6;2505;4;
.MIO_CMD_GETINTERVAL;6;2509;4;
.MIO_CMD_GETDLEN;6;2513;4;
.MIO_CMD_GETRESETVALUE;6;2517;4;
.Mio_CMD_SetResetvalue;6;2521;4;
.MIO_CMD_SIMERROR;6;2525;4;
.MIO_CMD_SIMEVENT;6;2529;4;
.MIO_CMD_SETACTIVE;6;2533;4;
.MIO_CMD_GETENCRES;6;2537;4;
.MIO_CMD_SETENCRES;6;2541;4;
.MIO_CMD_GETGATETIME;6;2545;4;
.MIO_CMD_SETGATETIME;6;2549;4;
.MIO_CMD_GETDISTANCEREF;6;2553;4;
.MIO_CMD_SETDISTANCEREF;6;2557;4;
.MIO_CMD_CONFIGNULLEDGE;6;2561;4;
.MIO_CMD_GETNULLEDGE;6;2565;4;
.MIO_CMD_ENABLENULL;6;2569;4;
.MIO_CMD_ISNULLENABLED;6;2573;4;
.MIO_CMD_ISRESETPENDING;6;2577;4;
.MIO_CMD_GETACTIVELEVEL;6;2581;4;
.MIO_CMD_SETACTIVELEVEL;6;2585;4;
.MIO_CMD_SETTESTMODE;6;2589;4;
.MIO_HIGHACTIVE;6;2593;4;
.MIO_LOWACTIVE;6;2597;4;
.Mio_CMD_PeekRw;6;2601;4;
.Mio_CMD_PeekRo;6;2605;4;
.Mio_CMD_ZeroCalib;6;2609;4;
.Mio_CMD_ZeroCalibTmp;6;2613;4;
.Mio_CMD_OffsetCal;6;2617;4;
.Mio_CMD_OffsetCalTmp;6;2621;4;
.Mio_CMD_GetVal;6;2625;4;
.Mio_CMD_SetVal;6;2629;4;
.Mio_CMD_GetActVal;6;2633;4;
.Mio_CMD_GetSetVal;6;2637;4;
.Mio_CMD_GetNewSet;6;2641;4;
.Mio_CMD_SetProf;6;2645;4;
.Mio_CMD_GetProf;6;2649;4;
.Mio_CMD_SetQuickDecel;6;2653;4;
.Mio_CMD_GetQuickDecel;6;2657;4;
.Mio_CMD_SetHome;6;2661;4;
.Mio_CMD_GetHome;6;2665;4;
.Mio_CMD_SetCommonSettings;6;2669;4;
.Mio_CMD_GetCommonSettings;6;2673;4;
.Mio_CMD_SetDriveData;6;2677;4;
.Mio_CMD_GetDriveData;6;2681;4;
.Mio_CMD_SetResolution;6;2685;4;
.Mio_CMD_GetResolution;6;2689;4;
.Mio_CMD_SetErrorWindow;6;2693;4;
.Mio_CMD_GetErrorWindow;6;2697;4;
.Mio_CMD_SetMaxFreq;6;2701;4;
.Mio_CMD_GetMaxFreq;6;2705;4;
.Mio_CMD_GetSwitchState;6;2709;4;
.Mio_CMD_GetStateHist;6;2713;4;
.Mio_CMD_SwitchToChannels;6;2717;4;
.Mio_CMD_SetPP;6;2721;4;
.Mio_CMD_GetPP;6;2725;4;
.Mio_CMD_SetOP;6;2729;4;
.Mio_CMD_GetOP;6;2733;4;
.Mio_CMD_GetTemp;6;2737;4;
.Mio_CMD_SetPar_Base;6;2741;4;
.Mio_CMD_SetPar_Ts;6;2745;4;
.Mio_CMD_SetPar_Pr;6;2749;4;
.Mio_CMD_SetPar_Ti;6;2753;4;
.Mio_CMD_SetPar_Td;6;2757;4;
.Mio_CMD_GetPar_Base;6;2761;4;
.Mio_CMD_GetPar_Ts;6;2765;4;
.Mio_CMD_GetPar_Pr;6;2769;4;
.Mio_CMD_GetPar_Ti;6;2773;4;
.Mio_CMD_GetPar_TD;6;2777;4;
.Mio_CMD_MaxCurrent;6;2781;4;
.Mio_CMD_CurrentRes;6;2785;4;
.Mio_CMD_LoadType;6;2789;4;
.Mio_CMD_GetMaxCurrent;6;2793;4;
.Mio_CMD_GetLoadType;6;2797;4;
.Mio_CMD_GetCurrentRes;6;2801;4;
.Mio_CMD_LostTimeVal;6;2805;4;
.Mio_CMD_NewTimeVal;6;2809;4;
.Mio_CMD_GetFilter;6;2813;4;
.MIO_CMD_GETPWMCFG;6;2817;4;
.MIO_CMD_SETPWMCFG;6;2821;4;
.MIO_CMD_GETPINLEVELS;6;2825;4;
.MIO_CMD_DCRESET;6;2829;4;
.MIO_CMD_STOPMASTER;6;2833;4;
.MIO_CMD_STARTMASTER;6;2837;4;
.MIO_CMD_RAWCMD;6;2841;4;
.MIO_CMD_SDOREAD;6;2845;4;
.MIO_CMD_SDOWRITE;6;2849;4;
.MIO_CMD_GETOBJDICT;6;2853;4;
.MIO_CMD_GETOBJDESC;6;2857;4;
.MIO_CMD_GETOBJENTRY;6;2861;4;
.MIO_CMD_GETEMCY;6;2865;4;
.MIO_CMD_GETMASTERSTATE;6;2869;4;
.MIO_CMD_SETMASTERSTATE;6;2873;4;
.MIO_CMD_GETSLAVESTATE;6;2877;4;
.MIO_CMD_SETSLAVESTATE;6;2881;4;
.MIO_CMD_SETDATAVALID;6;2885;4;
.MIO_CMD_GETCYCLEERROR;6;2889;4;
.MIO_CMD_RESETCYCLEERROR;6;2893;4;
.MIO_CMD_GETCYCLETIME;6;2897;4;
.MIO_CMD_EXCLUDESLAVE;6;2901;4;
.MIO_CMD_GETALIASADDR;6;2905;4;
.MIO_CMD_SETALIASADDR;6;2909;4;
.MIO_CMD_FILEWRITE;6;2913;4;
.MIO_CMD_SERVOREAD;6;2917;4;
.MIO_CMD_SERVOWRITE;6;2921;4;
.Mio_CMD_ExportValues;6;2925;4;
.Mio_CMD_SimulateValues;6;2929;4;
.Mio_CMD_Start;6;2933;4;
.Mio_CMD_Stop;6;2937;4;
.Mio_CMD_SetTempDir;6;2941;4;
.Mio_CMD_GetTempDir;6;2945;4;
.Mio_CMD_SetCompression;6;2949;4;
.Mio_CMD_GetCompression;6;2953;4;
.Mio_CMD_SetRecordLen;6;2957;4;
.Mio_CMD_GetRecordLen;6;2961;4;
.Mio_CMD_GetStatus;6;2965;4;
.Mio_CMD_GetValues;6;2969;4;
.Mio_CMD_Open;6;2973;4;
.Mio_CMD_Close;6;2977;4;
.Mio_CMD_ReadSamples;6;2981;4;
.Mio_CMD_ReadHeader;6;2985;4;
.Mio_CMD_GetMemSize;6;2989;4;
.Mio_CMD_GETSWITCHCOUNT;6;2993;4;
.Mio_CMD_RESETSWITCHCOUNT;6;2997;4;
.Mio_CMD_GetErrStat;6;3001;4;
.Mio_CMD_ResetErrStat;6;3005;4;
.Mio_CMD_GetSetValueList;6;3009;4;
.Mio_CMD_GetActValueList;6;3013;4;
.Mio_CMD_GetTransPower;6;3017;4;
.Mio_CMD_SetComPhase;6;3021;4;
.Mio_CMD_GetComPhase;6;3025;4;
.Mio_CMD_GetBaudrate;6;3029;4;
.Mio_CMD_GetTiming;6;3033;4;
.Mio_CMD_GetServiceChan;6;3037;4;
.Mio_CMD_SetServiceChan;6;3041;4;
.Mio_CMD_GetAttribute;6;3045;4;
.Mio_CMD_GetErrorMsg;6;3049;4;
.Mio_CMD_GetControlWord;6;3053;4;
.Mio_CMD_SetControlWord;6;3057;4;
.Mio_CMD_GetStatusWord;6;3061;4;
.Mio_CMD_GetCmdStatus;6;3065;4;
.Mio_CMD_SetChanValid;6;3069;4;
.Mio_CMD_GetErrCounter;6;3073;4;
.Mio_CMD_ResetErrCounter;6;3077;4;
.Mio_CMD_Get_Async_Sc;6;3081;4;
.Mio_CMD_Set_Async_Sc;6;3085;4;
.MIO_CMD_SENDMBMESSAGE;6;3089;4;
.MIO_CMD_CHANGEPOLLRATE;6;3093;4;
.MIO_CMD_GETPOLLRATE;6;3097;4;
.MIO_CMD_SAFETYSENDSTR;6;3101;4;
.MIO_CMD_SAFETYRECVSTR;6;3105;4;
.MIO_CMD_SAFETYSENDBIN;6;3109;4;
.MIO_CMD_SAFETYRECVBIN;6;3113;4;
.MIO_CMD_SAFETYSENDCMD;6;3117;4;
.MIO_CMD_SAFETYSENDFILE;6;3121;4;
.MIO_CMD_SAFETYRECVFILE;6;3125;4;
.MIO_CMD_SAFETYFILESTAT;6;3129;4;
.MIO_CMD_SAFETYSENDRECVBIN;6;3133;4;
.MIO_CMD_SAFETYUSERLOGIN;6;3137;4;
.MIO_CMD_SAFETYUSERLOGOUT;6;3141;4;
.MIO_CMD_SAFETYUSERSHOWACT;6;3145;4;
.MIO_CMD_SAFETYDOWNLOADNEWPRO;6;3149;4;
.MIO_CMD_SAFETYGETUID;6;3153;4;
.MIO_CMD_SAFETYASSIGNMODULES;6;3157;4;
.MIO_CMD_SAFETYDBGRUN;6;3161;4;
.MIO_CMD_SAFETYDBGSTOP;6;3165;4;
.MIO_CMD_ERASEUSERPROGRAM;6;3169;4;
.MIO_CMD_SETUID;6;3173;4;
.MIO_CMD_GETNBFREELOGITEMS;6;3177;4;
.MIO_CMD_GETERRORCODE;6;3181;4;
.MIO_CMD_PERFORMEXTMEMTST;6;3185;4;
.MIO_CMD_SAFETYGETVERSION_B;6;3189;4;
.MIO_CMD_SAFETYMEASWDGTIME;6;3193;4;
.MIO_CMD_SETAVERAGING;6;3197;4;
.MIO_CMD_GETAVERAGING;6;3201;4;
.MIO_CMD_FMBASE;6;3205;4;
.MIO_CMD_GETSUPPLY;6;3209;4;
.MIO_CMD_GETTXBIAS;6;3213;4;
.MIO_CMD_GETTXPOWER;6;3217;4;
.MIO_CMD_GETRXPOWER;6;3221;4;
.MIO_CMD_GETSCALEVALUES;6;3225;4;
.MIO_CMD_SETSCALEVALUES;6;3229;4;
.MIO_CMD_GETTHRESHOLD;6;3233;4;
.MIO_CMD_GETCABLETYPE;6;3237;4;
.MIO_CMD_REINITFM;6;3241;4;
.MIO_CMD_RESETFM;6;3245;4;
.MIO_CMD_DIAG_GET_LNK;6;3249;4;
.MIO_CMD_DIAG_GET_DUPLEX;6;3253;4;
.MIO_CMD_DIAG_GET_SPEED;6;3257;4;
.MIO_CMD_DIAG_BAD_TRAFFIC_IN;6;3261;4;
.MIO_CMD_DIAG_TRAFFIC_IN;6;3265;4;
.MIO_CMD_DIAG_TRAFFIC_OUT;6;3269;4;
.MIO_CMD_SETTRIGERVALUES;6;3273;4;
.MIO_CMD_SETRESETCAPABILITY;6;3277;4;
.MIO_CMD_GETRESETCAPABILITY;6;3281;4;
.MIO_CMD_GETMIRRORCFG;6;3285;4;
.MIO_CMD_SETMIRRORCFG;6;3289;4;
.MIO_CMD_ECSBASE;6;3293;4;
.MIO_CMD_GETSLAVEINFO;6;3297;4;
.MIO_CMD_GIOSETDOPULSE;6;3301;4;
.MIO_CMD_GIOGETDOPULSE;6;3305;4;
.MIO_CMD_GIOSETAIFILTER;6;3309;4;
.MIO_CMD_GIOGETAIFILTER;6;3313;4;
.MIO_CMD_GIOSETSPIKEFILTER;6;3317;4;
.MIO_CMD_GIOGETSPIKEFILTER;6;3321;4;
.MIO_CMD_GIOSETLIMITS;6;3325;4;
.MIO_CMD_GIOGETLIMITS;6;3329;4;
.MIO_CMD_GIOGETCHIPTEMP;6;3333;4;
.MIO_CMD_GIOSETCOLDJUNCTEMP;6;3337;4;
.MIO_CMD_GIOGETCOLDJUNCTEMP;6;3341;4;
.MIO_CMD_GIOSETPWMRUNMODE;6;3345;4;
.MIO_CMD_GIOGETPWMRUNMODE;6;3349;4;
.MIO_CMD_GIOSETFILTERHB;6;3353;4;
.MIO_CMD_GIOGETFILTERHB;6;3357;4;
.MIO_CMD_GIOSETFILTERITP;6;3361;4;
.MIO_CMD_GIOGETFILTERITP;6;3365;4;
.MIO_CMD_GIOSETGROUNDED;6;3369;4;
.MIO_CMD_GIOGETGROUNDED;6;3373;4;
.MIO_CMD_GIOGETNBRFIFOENTRIES;6;3377;4;
.MIO_CMD_GIOGETFIFOVALUES;6;3381;4;
.MIO_CMD_GIOGETFIFOOVERFLOW;6;3385;4;
.MIO_CMD_GIOFIFOFLUSH;6;3389;4;
.MIO_CMD_GIOFIFOREFVALUE;6;3393;4;
.MIO_CMD_GIOSTARTSTOPFIFO;6;3397;4;
.MIO_CMD_GIOSETPULSECOUNT;6;3401;4;
.MIO_CMD_GIOGETPULSECOUNT;6;3405;4;
.MIO_CMD_GIOSETPERIOD;6;3409;4;
.MIO_CMD_GIOGETPERIOD;6;3413;4;
.MIO_CMD_GIOADDFIFOENTRY;6;3417;4;
.MIO_CMD_GIOSETPTCURRENT;6;3421;4;
.MIO_CMD_GIOGETPTCURRENT;6;3425;4;
.MIO_CMD_GIOSTARTSTOPFIFOEXT;6;3429;4;
.MIO_AI_FILTER_2553;6;3433;4;
.MIO_AI_FILTER_1277;6;3437;4;
.MIO_AI_FILTER_639;6;3441;4;
.MIO_AI_FILTER_319;6;3445;4;
.MIO_AI_FILTER_160;6;3449;4;
.MIO_AI_FILTER_80;6;3453;4;
.MIO_AI_FILTER_40;6;3457;4;
.MIO_AI_FILTER_20;6;3461;4;
.MIO_AI_FILTER_10;6;3465;4;
.MIO_AI_FILTER_5;6;3469;4;
.MIO_AI_FILTER_2;6;3473;4;
.MIO_GIO_AIFILTER_4kHz;6;3477;4;
.MIO_GIO_AIFILTER_2kHz;6;3481;4;
.MIO_GIO_AIFILTER_1kHz;6;3485;4;
.MIO_GIO_AIFILTER_500Hz;6;3489;4;
.MIO_GIO_AIFILTER_250Hz;6;3493;4;
.MIO_GIO_AIFILTER_125Hz;6;3497;4;
.MIO_GIO_AIFILTER_62_5Hz;6;3501;4;
.MIO_GIO_AIFILTER_31_2Hz;6;3505;4;
.MIO_GIO_AIFILTER_15_6Hz;6;3509;4;
.MIO_GIO_AIFILTER_7_8Hz;6;3513;4;
.MIO_GIO_AIFILTER_3_9Hz;6;3517;4;
.MIO_GIO_AIFILTER_1_9Hz;6;3521;4;
.MIO_GIO_AIFILTER_0_97Hz;6;3525;4;
.MIO_GIO_AIFILTER_0_50Hz;6;3529;4;
.MIO_GIO_SPIKEFILTER_OFF;6;3533;4;
.MIO_GIO_SPIKEFILTER_16us;6;3537;4;
.MIO_GIO_SPIKEFILTER_32us;6;3541;4;
.MIO_GIO_SPIKEFILTER_64us;6;3545;4;
.MIO_GIO_SPIKEFILTER_128us;6;3549;4;
.MIO_GIO_SPIKEFILTER_256us;6;3553;4;
.MIO_GIO_SPIKEFILTER_512us;6;3557;4;
.MIO_GIO_SPIKEFILTER_1ms;6;3561;4;
.MIO_GIO_SPIKEFILTER_2ms;6;3565;4;
.MIO_GIO_SPIKEFILTER_4ms;6;3569;4;
.MIO_GIO_SPIKEFILTER_8ms;6;3573;4;
.MIO_GIO_SPIKEFILTER_16ms;6;3577;4;
.MIO_GIO_SPIKEFILTER_32ms;6;3581;4;
.MIO_GIO_SPIKEFILTER_65ms;6;3585;4;
.MIO_GIO_SPIKEFILTER_131ms;6;3589;4;
.MIO_GIO_SPIKEFILTER_262ms;6;3593;4;
.MIO_ER_OK;6;3597;4;
.MIO_ER_FAIL;6;3601;4;
.MIO_ER_BADCHAN;6;3605;4;
.MIO_ER_BADMODE;6;3609;4;
.MIO_ER_BUSY;6;3613;4;
.MIO_ER_BADTEST;6;3617;4;
.MIO_ER_BADCMD;6;3621;4;
.MIO_ER_BADIDREG;6;3625;4;
.MIO_ER_BADCONF;6;3629;4;
.MIO_ER_BADPARM;6;3633;4;
.MIO_ER_TIMEOUT;6;3637;4;
.MIO_ER_BADFUNC;6;3641;4;
.MIO_ER_BADWRITE;6;3645;4;
.MIO_ER_NOWRITE;6;3649;4;
.MIO_ER_BADCALIB;6;3653;4;
.MIO_ER_BADPLAUS;6;3657;4;
.MIO_ER_BADREAD;6;3661;4;
.MIO_ER_REBOOT;6;3665;4;
.MIO_ER_DISABLED;6;3669;4;
.MIO_ER_WRONGSTATE;6;3673;4;
.MIO_ER_BADCARD;6;3677;4;
.MIO_ER_BUSFAIL;6;3681;4;
.MIO_ER_NODATA;6;3685;4;
.MIO_ER_OUTOFMEM;6;3689;4;
.MIO_ER_NOFPTASK;6;3693;4;
.MIO_ER_MODNOTINIT;6;3697;4;
.MIO_ER_BADHANDLE;6;3701;4;
.MIO_ER_LSTINFPGAFULL;6;3705;4;
.MIO_ER_WRONGITEMSIZE;6;3709;4;
.MIO_ER_SEMCREATE;6;3713;4;
.MIO_ER_SEMTAKE;6;3717;4;
.MIO_ER_WRONGMEMAREA;6;3721;4;
.MIO_ER_BADALIGNMENT;6;3725;4;
.MIO_ER_UPDATELISTFULL;6;3729;4;
.MIO_ER_WRONGPRIO;6;3733;4;
.MIO_ER_CHANNOTMAPPED;6;3737;4;
.MIO_ER_NOPIDRVID;6;3741;4;
.MIO_ER_HANDLEINUSE;6;3745;4;
.MIO_ER_BIOSFAIL;6;3749;4;
.MIO_ER_DOWNGRADE;6;3753;4;
.MIO_ER_BADFIRMWARE;6;3757;4;
.MIO_ER_BADTYPE;6;3761;4;
.MIO_ER_NOAPP;6;3765;4;
.MIO_ER_NOSCALEINF;6;3769;4;
.MIO_ER_WRONGFUNCTYPE;6;3773;4;
.MIO_ER_NOTPRESENT;6;3777;4;
.MIO_ER_OVERFLOW;6;3781;4;
.MIO_ER_POWER;6;3785;4;
.PROGRESS_UNKNOWN;6;3789;4;
.PROGRESS_WORK;6;3793;4;
.PROGRESS_DONE;6;3797;4;
.PROGRESS_FAILED;6;3801;4;
.Smi_ERC_ConnId_InUse;6;3805;4;
.Smi_ERC_Busy;6;3809;4;
.Smi_ERC_Ok;6;3813;4;
.Smi_ERC_OtherError;6;3817;4;
.Smi_ERC_ParmInvalid;6;3821;4;
.Smi_ERC_NoCard;6;3825;4;
.Smi_ERC_GetModNb;6;3829;4;
.Smi_ERC_GetVal;6;3833;4;
.Smi_ERC_SetVal;6;3837;4;
.Smi_ERC_NoHandle;6;3841;4;
.Smi_ERC_NoSelf;6;3845;4;
.Smi_ERC_NoMemory;6;3849;4;
.Smi_ERC_Internal;6;3853;4;
.Smi_ERC_RepQAdd;6;3857;4;
.Smi_ERC_Timeout;6;3861;4;
.Smi_ERC_SendCall;6;3865;4;
.Smi_ERC_GetBlk;6;3869;4;
.Smi_ERC_SetBlk;6;3873;4;
.Smi_ERC_GetFnLib;6;3877;4;
.Smi_ERC_WrongVers;6;3881;4;
.Smi_ERC_ResultLen;6;3885;4;
.Smi_ERC_GetValLst;6;3889;4;
.Smi_ERC_SetValLst;6;3893;4;
.Smi_ERC_GetAddr;6;3897;4;
.Smi_ERC_ModInfo;6;3901;4;
.Smi_ERC_AppInfo;6;3905;4;
.Smi_ERC_SemCreate;6;3909;4;
.Smi_ERC_PingInternal;6;3913;4;
.Smi_ERC_RequestAccess;6;3917;4;
.Smi_ERC_ReleaseAccess;6;3921;4;
.Smi_ERC_LoginFail;6;3925;4;
.SVI_ERC_OK;6;3929;4;
.SVI_ERC_UNDEF;6;3933;4;
.SVI_ERC_ADDR;6;3937;4;
.SVI_ERC_WRITE;6;3941;4;
.SVI_ERC_READ;6;3945;4;
.SVI_ERC_FAILED;6;3949;4;
.SVI_ERC_OLDADDR;6;3953;4;
.SVI_ERC_NOMOD;6;3957;4;
.SVI_ERC_BADNAME;6;3961;4;
.SVI_ERC_PARM;6;3965;4;
.SVI_ERC_VARINUSE;6;3969;4;
.SVI_ERC_MBTRANS;6;3973;4;
.SVI_ERC_MBNOBUFF;6;3977;4;
.SVI_E_NOMEM;6;3981;4;
.SVI_E_BADUSERLVL;6;3985;4;
.SVI_E_BADRANGE;6;3989;4;
.SVI_E_ACCDENIED;6;3993;4;
.SVI_E_DSIZE;6;3997;4;
.SVI_E_REDULOCK;6;4001;4;
.SVI_E_BADTYPE;6;4005;4;
.SVI_E_DLEN;6;4009;4;
.SVI_E_BADSESS;6;4013;4;
.SBI_E_TIMEOUT2;6;4017;4;
.Smi_ERC_SockCreate;6;4021;4;
.Smi_ERC_SockClose;6;4025;4;
.Smi_ERC_SockRead;6;4029;4;
.Smi_ERC_SockWrite;6;4033;4;
.Smi_ERC_SockBind;6;4037;4;
.Smi_ERC_SockListen;6;4041;4;
.Smi_ERC_SockAccept;6;4045;4;
.Smi_ERC_SockConnect;6;4049;4;
.Smi_ERC_SockInvProt;6;4053;4;
.Smi_ERC_SockShutdown;6;4057;4;
.Smi_ERC_SockSetOpt;6;4061;4;
.RETEXP_E_UNKNOWNERROR;6;4065;4;
.RETEXP_E_NOMEMORY;6;4069;4;
.RETEXP_E_MISSINGSTRUCTFILE;6;4073;4;
.RETEXP_E_MISSINGDATAFILE;6;4077;4;
.RETEXP_E_RETAINDATACORRUPT;6;4081;4;
.RETEXP_E_FILECREATIONFAILED;6;4085;4;
.Smi_MX_Code;6;4089;2;
.Smi_MB_Code;6;4091;2;
.Smi_MD_Code;6;4093;2;
.Smi_MR_Code;6;4095;2;
.Smi_MW_Code;6;4097;2;
.Smi_RD_Code;6;4099;2;
.Smi_GD_Code;6;4101;2;
.Smi_PROT_Tcp;6;4103;4;
.Smi_PROT_QSoap;6;4107;4;
.Smi_PROT_Ssl;6;4111;4;
.Smi_PROT_PlainTxtPwd;6;4115;4;
.Smi_LEVEL_IpPing;6;4119;2;
.Smi_LEVEL_AppInfo;6;4121;2;
.Smi_LEVEL_ModInfo;6;4123;2;
.Smi_LEVEL_RpcPing;6;4125;2;
.Smi_LEVEL_FtpCheck;6;4127;2;
.Smi_RESSTAT_Run;6;4129;4;
.Smi_RESSTAT_Error;6;4133;4;
.Smi_RESSTAT_Stop;6;4137;4;
.Smi_RESSTAT_Init;6;4141;4;
.Smi_RESSTAT_Deinit;6;4145;4;
.Smi_RESSTAT_Eoi;6;4149;4;
.CMD_SMI_PROC_NULL;6;4153;4;
.CMD_SMI_PROC_DEINIT;6;4157;4;
.CMD_SMI_PROC_RESET;6;4161;4;
.CMD_SMI_PROC_NEWCFG;6;4165;4;
.CMD_SMI_PROC_ENDOFINIT;6;4169;4;
.CMD_SMI_PROC_STOP;6;4173;4;
.CMD_SMI_PROC_RUN;6;4177;4;
.CMD_PLC_PROC_RETAINEXPORT;6;4181;4;
.Smi_SOCK_ProtoTCP;6;4185;4;
.Smi_SOCK_ProtoUDP;6;4189;4;
.Smi_SOCK_ModeDirect;6;4193;4;
.Smi_SOCK_ModeNoWait;6;4197;4;
.Smi_SOCK_SO_KEEPALIVE;6;4201;4;
.Smi_SOCK_SO_BROADCAST;6;4205;4;
.Smi_SOCK_SO_SNDBUFF;6;4209;4;
.Smi_SOCK_SO_RCVBUFF;6;4213;4;
.SMI_PLC_MMPREADY;6;4217;1;
.UTIL_PLC_MMPREADY;6;4218;1;
.Tcs_ERC_ParmInvalid;6;4219;4;
.Tcs_ERC_NoSelf;6;4223;4;
.Tcs_ERC_Internal;6;4227;4;
.Tcs_MX_Code;6;4231;4;
.Tcs_MB_Code;6;4235;4;
.Tcs_MD_Code;6;4239;4;
.Tcs_MR_Code;6;4243;4;
.Tcs_MW_Code;6;4247;4;
.Tcs_RD_Code;6;4251;4;
.Tcs_GD_Code;6;4255;4;
.Tcs_CONF_PassString;6;4259;4;
.Tcs_CONF_PassNumber;6;4263;4;
.Tcs_CONF_ReinitRetain;6;4267;4;
.Tcs_CONF_MarkerBattPool;6;4271;4;
.Tcs_CONF_OverTime;6;4275;4;
.Tcs_CONF_SevereOverTime;6;4279;4;
.Tcs_VER_Alpha;6;4283;4;
.Tcs_VER_Beta;6;4287;4;
.Tcs_VER_Release;6;4291;4;
.MSys_DIR_System;6;4295;4;
.MSys_DIR_Driver;6;4299;4;
.MSys_DIR_Application;6;4303;4;
.MSys_DIR_Temporary;6;4307;4;
.MSys_DIR_NonVolatile;6;4311;4;
.MSys_CPU_80386;6;4315;4;
.MSys_CPU_80486;6;4319;4;
.MSys_CPU_Pentium;6;4323;4;
.MSys_CPU_Geode;6;4327;4;
.MSys_CPU_Pentium3;6;4331;4;
.MSys_CPU_Pentium4;6;4335;4;
.MSys_CPU_Atom;6;4339;4;
.WDOG_REB_UNKNOWN;6;4343;4;
.WDOG_REB_POWERFAIL;6;4347;4;
.WDOG_REB_PANIC;6;4351;4;
.WDOG_REB_WDOGKNOWN;6;4355;4;
.WDOG_REB_WDOGUNKNOWN;6;4359;4;
.PF_E_PARM;6;4363;4;
.PF_E_NOFILE;6;4367;4;
.PF_E_FILEBIG;6;4371;4;
.PF_E_FILEEMPTY;6;4375;4;
.PF_E_NOSEC;6;4379;4;
.PF_E_NOGRP;6;4383;4;
.PF_E_NOKEY;6;4387;4;
.PF_E_ENDFILE;6;4391;4;
.PF_E_NOSET;6;4395;4;
.PF_E_NOUNIT;6;4399;4;
.PF_MODE_RELOAD_FILE;6;4403;4;
.PF_MODE_USE_FILE;6;4407;4;
.PF_MODE_USE_DEFAULTS;6;4411;4;
.PF_MODE_FILE_LOADED;6;4415;4;
.Util_CMD_GetFcnHandle;6;4419;4;
.Util_CMD_CallCFcn;6;4423;4;
.Util_ERR_CallC_HandleInit;6;4427;4;
.Util_ERR_CallC_HandleOk;6;4431;4;
.Util_ERR_CallC_FcnNotFound;6;4435;4;
.Util_ERR_CallC_NoHandle;6;4439;4;
.Util_ERR_CallC_InvalidCmd;6;4443;4;
.Util_ERR_CallC_NoSelf;6;4447;4;
.Util_ERR_CallC_Internal;6;4451;4;
.Util_CallC_Mode_C;6;4455;4;
.Util_CallC_Mode_PLC;6;4459;4;
.Util_ERR_SymVal_Ok;6;4463;4;
.Util_ERR_SymVal_InvalidName;6;4467;4;
.Util_ERR_SymVal_NoHandle;6;4471;4;
.Util_ERR_SymVal_InvalidLength;6;4475;4;
.Util_ERR_WDogSet_Ok;6;4479;4;
.Util_ERR_WDogSet_WDNotActive;6;4483;4;
.Util_ERR_WDogSet_LowWTime;6;4487;4;
.Util_ERR_WDogSet_HighWTime;6;4491;4;
.Util_ERR_WDogSet_ConfigErr;6;4495;4;
.Util_LIST_GetHead;6;4499;4;
.Util_LIST_GetTail;6;4503;4;
.Util_LIST_GetById;6;4507;4;
.Util_LIST_InsertHead;6;4511;4;
.Util_LIST_InsertTail;6;4515;4;
.Util_LIST_RemoveAll;6;4519;4;
.Util_LIST_RemoveHead;6;4523;4;
.Util_LIST_RemoveTail;6;4527;4;
.Util_ERR_LstOk;6;4531;4;
.Util_ERR_LstNoMem;6;4535;4;
.Util_ERR_LstInvHandle;6;4539;4;
.Util_ERR_LstListEmpty;6;4543;4;
.Util_ERR_LstListFull;6;4547;4;
.Util_ERR_LstInvCmd;6;4551;4;
.Util_ERR_LstNotFound;6;4555;4;
.Util_DT_Mode_UTC;6;4559;4;
.Util_DT_Mode_Local;6;4563;4;
.Util_CLOCK_RealTime;6;4567;4;
.Util_CLOCK_Monotonic;6;4571;4;
.Util_CLOCK_Ptp;6;4575;4;
.Util_CLOCK_RtcNano;6;4579;4;
.MIO_PLC_LIBVER;6;4583;17;
.SMI_PLC_LIBVER;6;4600;17;
.UTIL_PLC_LIBVER;6;4617;17;
MIO_ATTACHERROR.CardId;7;0;4;
MIO_ATTACHERROR.Chan;7;4;4;
MIO_ATTACHERROR.Error;7;8;4;
MIO_ATTACHERROR.<RET>;7;12;4;
MIO_BADCUSTOMERID.CardId;8;0;4;
MIO_BADCUSTOMERID.LogError;8;4;1;
MIO_BADCUSTOMERID.<RET>;8;5;4;
MIO_CALCRAWVALUEDINT2DINT.ScaleInf;10;0;4;
MIO_CALCRAWVALUEDINT2DINT.Value;10;4;4;
MIO_CALCRAWVALUEDINT2DINT.<RET>;10;8;8;
MIO_CALCRAWVALUELREAL2DINT.ScaleInf;11;0;4;
MIO_CALCRAWVALUELREAL2DINT.Value;11;4;8;
MIO_CALCRAWVALUELREAL2DINT.<RET>;11;12;8;
MIO_CALCRAWVALUELREAL2LREAL.ScaleInf;13;0;4;
MIO_CALCRAWVALUELREAL2LREAL.Value;13;4;8;
MIO_CALCRAWVALUELREAL2LREAL.<RET>;13;12;12;
MIO_CALCSCALEDVALUEDINT2DINT.ScaleInf;14;0;4;
MIO_CALCSCALEDVALUEDINT2DINT.OrgVal;14;4;4;
MIO_CALCSCALEDVALUEDINT2DINT.<RET>;14;8;8;
MIO_CALCSCALEDVALUEDINT2LREAL.ScaleInf;15;0;4;
MIO_CALCSCALEDVALUEDINT2LREAL.OrgVal;15;4;4;
MIO_CALCSCALEDVALUEDINT2LREAL.<RET>;15;8;12;
MIO_CALCSCALEDVALUELREAL2LREAL.ScaleInf;16;0;4;
MIO_CALCSCALEDVALUELREAL2LREAL.OrgVal;16;4;8;
MIO_CALCSCALEDVALUELREAL2LREAL.<RET>;16;12;12;
MIO_DETACHERROR.CardId;17;0;4;
MIO_DETACHERROR.Chan;17;4;4;
MIO_DETACHERROR.Error;17;8;4;
MIO_DETACHERROR.<RET>;17;12;4;
MIO_DOCMD.CardId;18;0;4;
MIO_DOCMD.Chan;18;4;4;
MIO_DOCMD.Cmd;18;8;4;
MIO_DOCMD.ArgVal;18;12;4;
MIO_DOCMD.<RET>;18;16;4;
MIO_DOCMD4.CardId;19;0;4;
MIO_DOCMD4.Chan;19;4;4;
MIO_DOCMD4.Cmd;19;8;4;
MIO_DOCMD4.ArgVal1;19;12;4;
MIO_DOCMD4.ArgVal2;19;16;4;
MIO_DOCMD4.ArgVal3;19;20;4;
MIO_DOCMD4.ArgVal4;19;24;4;
MIO_DOCMD4.<RET>;19;28;4;
MIO_DOCMD8.CardId;20;0;4;
MIO_DOCMD8.Chan;20;4;4;
MIO_DOCMD8.Cmd;20;8;4;
MIO_DOCMD8.ArgVal1;20;12;4;
MIO_DOCMD8.ArgVal2;20;16;4;
MIO_DOCMD8.ArgVal3;20;20;4;
MIO_DOCMD8.ArgVal4;20;24;4;
MIO_DOCMD8.ArgVal5;20;28;4;
MIO_DOCMD8.ArgVal6;20;32;4;
MIO_DOCMD8.ArgVal7;20;36;4;
MIO_DOCMD8.ArgVal8;20;40;4;
MIO_DOCMD8.<RET>;20;44;4;
.MIO_DOCMD8_NB;0;0;55;
MIO_DOCMD8_NB.Pltd;21;0;4;
MIO_DOCMD8_NB.Req;21;4;1;
MIO_DOCMD8_NB.CardId;21;5;4;
MIO_DOCMD8_NB.Chan;21;9;4;
MIO_DOCMD8_NB.Cmd;21;13;4;
MIO_DOCMD8_NB.ArgVal1;21;17;4;
MIO_DOCMD8_NB.ArgVal2;21;21;4;
MIO_DOCMD8_NB.ArgVal3;21;25;4;
MIO_DOCMD8_NB.ArgVal4;21;29;4;
MIO_DOCMD8_NB.ArgVal5;21;33;4;
MIO_DOCMD8_NB.ArgVal6;21;37;4;
MIO_DOCMD8_NB.ArgVal7;21;41;4;
MIO_DOCMD8_NB.ArgVal8;21;45;4;
MIO_DOCMD8_NB.Done;21;49;1;
MIO_DOCMD8_NB.Error;21;50;1;
MIO_DOCMD8_NB.ErrorId;21;51;4;
MIO_EXTRACTLIBERR.Error;22;0;4;
MIO_EXTRACTLIBERR.<RET>;22;4;4;
MIO_EXTRACTMIOERR.Error;23;0;4;
MIO_EXTRACTMIOERR.<RET>;23;4;4;
MIO_GETBADSLAVEREBOOT.Dummy;24;0;4;
MIO_GETBADSLAVEREBOOT.<RET>;24;4;1;
MIO_GETBADSTATIONLIST.Dummy;25;0;4;
MIO_GETBADSTATIONLIST.<RET>;25;4;4;
MIO_GETBLK.CardId;26;0;4;
MIO_GETBLK.Chan;26;4;4;
MIO_GETBLK.pValue;26;8;4;
MIO_GETBLK.pLen;26;12;4;
MIO_GETBLK.<RET>;26;16;4;
MIO_GETCARDINF.CardId;28;0;4;
MIO_GETCARDINF.<RET>;28;4;28;
MIO_GETCARDMODE.CardId;30;0;4;
MIO_GETCARDMODE.<RET>;30;4;8;
MIO_GETCHANINF.CardId;32;0;4;
MIO_GETCHANINF.Chan;32;4;4;
MIO_GETCHANINF.<RET>;32;8;12;
MIO_GETCHANMODE.CardId;33;0;4;
MIO_GETCHANMODE.Chan;33;4;4;
MIO_GETCHANMODE.<RET>;33;8;8;
MIO_GETCHANRANGEINF.CardId;35;0;4;
MIO_GETCHANRANGEINF.Chan;35;4;4;
MIO_GETCHANRANGEINF.<RET>;35;8;152;
.MIO_GETCUSTOMERID;0;0;287;
MIO_GETCUSTOMERID.Pltd;36;0;4;
MIO_GETCUSTOMERID.Req;36;4;1;
MIO_GETCUSTOMERID.CardId;36;5;4;
MIO_GETCUSTOMERID.CryptoKey;36;9;4;
MIO_GETCUSTOMERID.AlgorithmId;36;13;4;
MIO_GETCUSTOMERID.UserData;36;17;4;
MIO_GETCUSTOMERID.CryptoFn;36;21;256;
MIO_GETCUSTOMERID.Done;36;277;1;
MIO_GETCUSTOMERID.Error;36;278;1;
MIO_GETCUSTOMERID.Status;36;279;4;
MIO_GETCUSTOMERID.CustomerID;36;283;4;
MIO_GETERROR.CardId;37;0;4;
MIO_GETERROR.Chan;37;4;4;
MIO_GETERROR.<RET>;37;8;8;
MIO_GETEXTCARDINF.CardId;40;0;4;
MIO_GETEXTCARDINF.<RET>;40;4;392;
MIO_GETEXTCARDINF2.CardId;46;0;4;
MIO_GETEXTCARDINF2.<RET>;46;4;588;
MIO_GETIDTOCARD.CardNum;47;0;4;
MIO_GETIDTOCARD.<RET>;47;4;4;
MIO_GETINTERRUPTINFO.Dummy;49;0;4;
MIO_GETINTERRUPTINFO.<RET>;49;4;28;
MIO_GETNEWSLAVEREBOOT.Dummy;50;0;4;
MIO_GETNEWSLAVEREBOOT.<RET>;50;4;1;
MIO_GETNEXTERROR.StartCard;52;0;4;
MIO_GETNEXTERROR.StartChan;52;4;4;
MIO_GETNEXTERROR.<RET>;52;8;16;
MIO_GETPACKEDVALUES.CardId;53;0;4;
MIO_GETPACKEDVALUES.StartAddr;53;4;4;
MIO_GETPACKEDVALUES.StartChan;53;8;4;
MIO_GETPACKEDVALUES.ChannelCount;53;12;4;
MIO_GETPACKEDVALUES.<RET>;53;16;4;
MIO_GETSCALECHANINF.CardId;55;0;4;
MIO_GETSCALECHANINF.Chan;55;4;4;
MIO_GETSCALECHANINF.<RET>;55;8;8;
MIO_GETSCALEDVALUEDINT.CardId;56;0;4;
MIO_GETSCALEDVALUEDINT.Chan;56;4;4;
MIO_GETSCALEDVALUEDINT.<RET>;56;8;8;
MIO_GETSCALEDVALUELREAL.CardId;57;0;4;
MIO_GETSCALEDVALUELREAL.Chan;57;4;4;
MIO_GETSCALEDVALUELREAL.<RET>;57;8;12;
MIO_GETSELECT.CardId;58;0;4;
MIO_GETSELECT.Chan;58;4;4;
MIO_GETSELECT.<RET>;58;8;8;
MIO_GETVALUE.CardId;59;0;4;
MIO_GETVALUE.Chan;59;4;4;
MIO_GETVALUE.<RET>;59;8;8;
MIO_GETVALUES.CardId;60;0;4;
MIO_GETVALUES.StartAddr;60;4;4;
MIO_GETVALUES.EndAddr;60;8;4;
MIO_GETVALUES.NumberOf;60;12;4;
MIO_GETVALUES.<RET>;60;16;4;
MIO_GETVERSION.dummy;61;0;1;
MIO_GETVERSION.<RET>;61;1;16;
MIO_RESET.CardId;62;0;4;
MIO_RESET.<RET>;62;4;4;
MIO_SETBADSLAVEREBOOT.BadSlaveReboot;63;0;1;
MIO_SETBADSLAVEREBOOT.<RET>;63;1;1;
MIO_SETBLK.CardId;64;0;4;
MIO_SETBLK.Chan;64;4;4;
MIO_SETBLK.pValue;64;8;4;
MIO_SETBLK.Len;64;12;4;
MIO_SETBLK.<RET>;64;16;4;
MIO_SETCARDMODE.CardId;65;0;4;
MIO_SETCARDMODE.Mode;65;4;4;
MIO_SETCARDMODE.<RET>;65;8;4;
MIO_SETCHANMODE.CardId;66;0;4;
MIO_SETCHANMODE.Chan;66;4;4;
MIO_SETCHANMODE.Mode;66;8;4;
MIO_SETCHANMODE.<RET>;66;12;4;
MIO_SETNEWSLAVEREBOOT.NewSlaveReboot;67;0;1;
MIO_SETNEWSLAVEREBOOT.<RET>;67;1;1;
MIO_SETPACKEDVALUES.CardId;68;0;4;
MIO_SETPACKEDVALUES.StartAddr;68;4;4;
MIO_SETPACKEDVALUES.StartChan;68;8;4;
MIO_SETPACKEDVALUES.ChannelCount;68;12;4;
MIO_SETPACKEDVALUES.<RET>;68;16;4;
MIO_SETSCALEDVALUEDINT.CardId;69;0;4;
MIO_SETSCALEDVALUEDINT.Chan;69;4;4;
MIO_SETSCALEDVALUEDINT.Value;69;8;4;
MIO_SETSCALEDVALUEDINT.<RET>;69;12;4;
MIO_SETSCALEDVALUELREAL.CardId;70;0;4;
MIO_SETSCALEDVALUELREAL.Chan;70;4;4;
MIO_SETSCALEDVALUELREAL.Value;70;8;8;
MIO_SETSCALEDVALUELREAL.<RET>;70;16;4;
MIO_SETSELECT.CardId;71;0;4;
MIO_SETSELECT.Chan;71;4;4;
MIO_SETSELECT.Select;71;8;4;
MIO_SETSELECT.<RET>;71;12;4;
MIO_SETVALUE.CardId;72;0;4;
MIO_SETVALUE.Chan;72;4;4;
MIO_SETVALUE.Value;72;8;4;
MIO_SETVALUE.<RET>;72;12;4;
MIO_SETVALUES.CardId;73;0;4;
MIO_SETVALUES.StartAddr;73;4;4;
MIO_SETVALUES.EndAddr;73;8;4;
MIO_SETVALUES.NumberOf;73;12;4;
MIO_SETVALUES.<RET>;73;16;4;
.MIO_TESTCUSTOMERID;0;0;288;
MIO_TESTCUSTOMERID.Pltd;74;0;4;
MIO_TESTCUSTOMERID.Req;74;4;1;
MIO_TESTCUSTOMERID.CryptoKey;74;5;4;
MIO_TESTCUSTOMERID.CustomerID;74;9;4;
MIO_TESTCUSTOMERID.Range;74;13;4;
MIO_TESTCUSTOMERID.AlgorithmId;74;17;4;
MIO_TESTCUSTOMERID.UserData;74;21;4;
MIO_TESTCUSTOMERID.CryptoFn;74;25;256;
MIO_TESTCUSTOMERID.PrintMsg;74;281;1;
MIO_TESTCUSTOMERID.Done;74;282;1;
MIO_TESTCUSTOMERID.Error;74;283;1;
MIO_TESTCUSTOMERID.Status;74;284;4;
.GIO_DOPULSETIME;0;0;12;
GIO_DOPULSETIME.Period;75;0;4;
GIO_DOPULSETIME.PulseWidth;75;4;4;
GIO_DOPULSETIME.StartPulse;75;8;4;
.LOGIC_VERSION;0;0;8;
LOGIC_VERSION.TestVer;42;0;1;
LOGIC_VERSION.Revision;42;1;1;
LOGIC_VERSION.Design;42;2;2;
LOGIC_VERSION.Ver32;42;4;4;
.MIO_ACRERR;0;0;8;
MIO_ACRERR.Index;76;0;2;
MIO_ACRERR.SubIndex;76;2;2;
MIO_ACRERR.AddCode;76;4;2;
MIO_ACRERR.ErrorCode;76;6;1;
MIO_ACRERR.ErrorClass;76;7;1;
.MIO_CLOCK;0;0;36;
MIO_CLOCK.Second;38;0;4;
MIO_CLOCK.Minute;38;4;4;
MIO_CLOCK.Hour;38;8;4;
MIO_CLOCK.Day;38;12;4;
MIO_CLOCK.Month;38;16;4;
MIO_CLOCK.Year;38;20;4;
MIO_CLOCK.WeekDay;38;24;4;
MIO_CLOCK.YearDay;38;28;4;
MIO_CLOCK.DSTFlag;38;32;4;
.MIO_INTINFO;0;0;28;
MIO_INTINFO.CardNb;48;0;4;
MIO_INTINFO.ChanNb;48;4;4;
MIO_INTINFO.Mask;48;8;4;
MIO_INTINFO.Spare0;48;12;4;
MIO_INTINFO.Spare1;48;16;4;
MIO_INTINFO.Spare2;48;20;4;
MIO_INTINFO.Spare3;48;24;4;
.MIO_MINMAX;0;0;8;
MIO_MINMAX.MinVal;77;0;4;
MIO_MINMAX.MaxVal;77;4;4;
.MIO_RETCARDINF;0;0;28;
MIO_RETCARDINF.RetCode;27;0;4;
MIO_RETCARDINF.CardNb;27;4;4;
MIO_RETCARDINF.CardType;27;8;4;
MIO_RETCARDINF.CardVariant;27;12;4;
MIO_RETCARDINF.CardCategory;27;16;4;
MIO_RETCARDINF.CardFlags;27;20;4;
MIO_RETCARDINF.MaxChan;27;24;4;
.MIO_RETCHANINF;0;0;12;
MIO_RETCHANINF.RetCode;31;0;4;
MIO_RETCHANINF.ChanCategory;31;4;4;
MIO_RETCHANINF.ChanFlags;31;8;4;
.MIO_RETCHANRANGEINF;0;0;152;
MIO_RETCHANRANGEINF.RetCode;34;0;4;
MIO_RETCHANRANGEINF.DispMode;34;4;4;
MIO_RETCHANRANGEINF.Range;34;8;4;
MIO_RETCHANRANGEINF.Scale;34;12;8;
MIO_RETCHANRANGEINF.Offset;34;20;8;
MIO_RETCHANRANGEINF.MeasuringMin;34;28;4;
MIO_RETCHANRANGEINF.MeasuringMax;34;32;4;
MIO_RETCHANRANGEINF.ConfigMin;34;36;4;
MIO_RETCHANRANGEINF.ConfigMax;34;40;4;
MIO_RETCHANRANGEINF.RawMinLow;34;44;4;
MIO_RETCHANRANGEINF.RawMinHigh;34;48;4;
MIO_RETCHANRANGEINF.RawMaxLow;34;52;4;
MIO_RETCHANRANGEINF.RawMaxHigh;34;56;4;
MIO_RETCHANRANGEINF.len;34;60;4;
MIO_RETCHANRANGEINF.Format;34;64;4;
MIO_RETCHANRANGEINF.BaseSiUnit;34;68;4;
MIO_RETCHANRANGEINF.BaseUnitStr;34;72;12;
MIO_RETCHANRANGEINF.BasePrefixFactor;34;84;4;
MIO_RETCHANRANGEINF.ExtChFlags;34;88;2;
MIO_RETCHANRANGEINF.Spare;34;90;62;
.MIO_RETEXTCARDINF;0;0;392;
MIO_RETEXTCARDINF.RetCode;39;0;4;
MIO_RETEXTCARDINF.CardNb;39;4;4;
MIO_RETEXTCARDINF.StationNb;39;8;4;
MIO_RETEXTCARDINF.SlotNb;39;12;4;
MIO_RETEXTCARDINF.PreSlots;39;16;4;
MIO_RETEXTCARDINF.PostSlots;39;20;4;
MIO_RETEXTCARDINF.Mode;39;24;4;
MIO_RETEXTCARDINF.State;39;28;4;
MIO_RETEXTCARDINF.CardType;39;32;4;
MIO_RETEXTCARDINF.CardVariant;39;36;4;
MIO_RETEXTCARDINF.CardCategory;39;40;4;
MIO_RETEXTCARDINF.CardFlags;39;44;4;
MIO_RETEXTCARDINF.MaxChan;39;48;4;
MIO_RETEXTCARDINF.Version;39;52;4;
MIO_RETEXTCARDINF.DrvVersion;39;56;4;
MIO_RETEXTCARDINF.Attribute;39;60;4;
MIO_RETEXTCARDINF.ProdTime;39;64;36;
MIO_RETEXTCARDINF.ProdNb;39;100;12;
MIO_RETEXTCARDINF.Name;39;112;24;
MIO_RETEXTCARDINF.Info;39;136;200;
MIO_RETEXTCARDINF.DrvName;39;336;16;
MIO_RETEXTCARDINF.Power;39;352;4;
MIO_RETEXTCARDINF.Reserved;39;356;36;
.MIO_RETEXTCARDINF2;0;0;588;
MIO_RETEXTCARDINF2.RetCode;45;0;4;
MIO_RETEXTCARDINF2.CardNb;45;4;4;
MIO_RETEXTCARDINF2.StationNb;45;8;4;
MIO_RETEXTCARDINF2.SlotNb;45;12;4;
MIO_RETEXTCARDINF2.PreSlots;45;16;4;
MIO_RETEXTCARDINF2.PostSlots;45;20;4;
MIO_RETEXTCARDINF2.Mode;45;24;4;
MIO_RETEXTCARDINF2.State;45;28;4;
MIO_RETEXTCARDINF2.CardType;45;32;4;
MIO_RETEXTCARDINF2.CardVariant;45;36;4;
MIO_RETEXTCARDINF2.CardCategory;45;40;4;
MIO_RETEXTCARDINF2.CardFlags;45;44;4;
MIO_RETEXTCARDINF2.MaxChan;45;48;4;
MIO_RETEXTCARDINF2.Version;45;52;4;
MIO_RETEXTCARDINF2.DrvVersion;45;56;4;
MIO_RETEXTCARDINF2.Attribute;45;60;4;
MIO_RETEXTCARDINF2.ProdTime;45;64;36;
MIO_RETEXTCARDINF2.ProdNb;45;100;12;
MIO_RETEXTCARDINF2.Name;45;112;24;
MIO_RETEXTCARDINF2.Info;45;136;200;
MIO_RETEXTCARDINF2.DrvName;45;336;16;
MIO_RETEXTCARDINF2.Power;45;352;4;
MIO_RETEXTCARDINF2.Current_5V;45;356;4;
MIO_RETEXTCARDINF2.Current_P15V;45;360;4;
MIO_RETEXTCARDINF2.Current_M15V;45;364;4;
MIO_RETEXTCARDINF2.ModVerType;45;368;4;
MIO_RETEXTCARDINF2.RedundantRead;45;372;1;
MIO_RETEXTCARDINF2.WriteVerify;45;373;1;
MIO_RETEXTCARDINF2.BusCheck;45;374;1;
MIO_RETEXTCARDINF2.AliveCheck;45;375;1;
MIO_RETEXTCARDINF2.AssemblyCode;45;376;2;
MIO_RETEXTCARDINF2.HwVariant;45;378;1;
MIO_RETEXTCARDINF2.Reserved1;45;379;1;
MIO_RETEXTCARDINF2.Settings;45;380;4;
MIO_RETEXTCARDINF2.ExStateInfo;45;384;4;
MIO_RETEXTCARDINF2.Versions;45;388;68;
MIO_RETEXTCARDINF2.PackageVers;45;456;8;
MIO_RETEXTCARDINF2.PartNumber;45;464;4;
MIO_RETEXTCARDINF2.FirmBackup;45;468;1;
MIO_RETEXTCARDINF2.Spare1;45;469;3;
MIO_RETEXTCARDINF2.Spare;45;472;116;
.MIO_RETFOUND;0;0;16;
MIO_RETFOUND.RetCode;51;0;4;
MIO_RETFOUND.Card;51;4;4;
MIO_RETFOUND.Chan;51;8;4;
MIO_RETFOUND.State;51;12;4;
.MIO_RETSCALEINF;0;0;8;
MIO_RETSCALEINF.RetCode;54;0;4;
MIO_RETSCALEINF.ScaleInf;54;4;4;
.MIO_RETSTATE;0;0;8;
MIO_RETSTATE.RetCode;29;0;4;
MIO_RETSTATE.State;29;4;4;
.MIO_RETVALUE;0;0;8;
MIO_RETVALUE.RetCode;9;0;4;
MIO_RETVALUE.Value;9;4;4;
.MIO_RETVALUE_LREAL;0;0;12;
MIO_RETVALUE_LREAL.RetCode;12;0;4;
MIO_RETVALUE_LREAL.Value;12;4;8;
.MIO_VERS;0;0;8;
MIO_VERS.Major;44;0;1;
MIO_VERS.Minor;44;1;1;
MIO_VERS.SubMin;44;2;1;
MIO_VERS.VerType;44;3;1;
MIO_VERS.Ver32;44;4;4;
.MIO_VERSION;0;0;68;
MIO_VERSION.Driver;43;0;16;
MIO_VERSION.Fware;43;16;16;
MIO_VERSION.Bios;43;32;16;
MIO_VERSION.Logic;43;48;8;
MIO_VERSION.Spare;43;56;12;
.SYS_VERSION;0;0;16;
SYS_VERSION.Code;41;0;12;
SYS_VERSION.SysType;41;12;4;
GETREALASDWORD.dw;78;0;4;
GETREALASDWORD.<RET>;78;4;4;
SETREALASDWORD.x;79;0;4;
SETREALASDWORD.<RET>;79;4;4;
SMI_BUILDNBFROMIP.b1;80;0;1;
SMI_BUILDNBFROMIP.b2;80;1;1;
SMI_BUILDNBFROMIP.b3;80;2;1;
SMI_BUILDNBFROMIP.b4;80;3;1;
SMI_BUILDNBFROMIP.<RET>;80;4;4;
SMI_BUILDNBFROMNAME.Name;81;0;24;
SMI_BUILDNBFROMNAME.<RET>;81;24;4;
.SMI_BUILDNBFROMNAME_NB;0;0;79;
SMI_BUILDNBFROMNAME_NB.Pltd;82;0;4;
SMI_BUILDNBFROMNAME_NB.Req;82;4;1;
SMI_BUILDNBFROMNAME_NB.Name;82;5;64;
SMI_BUILDNBFROMNAME_NB.Done;82;69;1;
SMI_BUILDNBFROMNAME_NB.Error;82;70;1;
SMI_BUILDNBFROMNAME_NB.Status;82;71;4;
SMI_BUILDNBFROMNAME_NB.CpuNb;82;75;4;
.SMI_CALL;0;0;37;
SMI_CALL.fi;83;0;4;
SMI_CALL.Req;83;4;1;
SMI_CALL.ConnId;83;5;4;
SMI_CALL.SmiFcnNumber;83;9;4;
SMI_CALL.DataSend;83;13;4;
SMI_CALL.DataSendLen;83;17;4;
SMI_CALL.DataRec;83;21;4;
SMI_CALL.DataRecLen;83;25;4;
SMI_CALL.State;83;29;4;
SMI_CALL.RecLen;83;33;4;
.SMI_CHECKIP_NB;0;0;47;
SMI_CHECKIP_NB.hJob;84;0;4;
SMI_CHECKIP_NB.Req;84;4;1;
SMI_CHECKIP_NB.EthCard;84;5;4;
SMI_CHECKIP_NB.CpuNb;84;9;4;
SMI_CHECKIP_NB.Timeout;84;13;4;
SMI_CHECKIP_NB.Mac;84;17;6;
SMI_CHECKIP_NB.MacHexStr;84;23;18;
SMI_CHECKIP_NB.Done;84;41;1;
SMI_CHECKIP_NB.Error;84;42;1;
SMI_CHECKIP_NB.Status;84;43;4;
.SMI_CLOSECONNECT;0;0;11;
SMI_CLOSECONNECT.Req;85;0;1;
SMI_CLOSECONNECT.ConnId;85;1;4;
SMI_CLOSECONNECT.Done;85;5;1;
SMI_CLOSECONNECT.Error;85;6;1;
SMI_CLOSECONNECT.Status;85;7;4;
.SMI_COMMAND;0;0;30;
SMI_COMMAND.fi;86;0;4;
SMI_COMMAND.Req;86;4;1;
SMI_COMMAND.ConnId;86;5;4;
SMI_COMMAND.SmiFcnNumber;86;9;4;
SMI_COMMAND.ModuleName;86;13;12;
SMI_COMMAND.Error;86;25;1;
SMI_COMMAND.State;86;26;4;
.SMI_CONNECT;0;0;39;
SMI_CONNECT.fi;87;0;4;
SMI_CONNECT.CpuNb;87;4;4;
SMI_CONNECT.MasterName;87;8;16;
SMI_CONNECT.Reinit;87;24;1;
SMI_CONNECT.ProtVers;87;25;4;
SMI_CONNECT.Done;87;29;1;
SMI_CONNECT.Error;87;30;1;
SMI_CONNECT.Status;87;31;4;
SMI_CONNECT.ConnId;87;35;4;
.SMI_CONNECT_NB;0;0;47;
SMI_CONNECT_NB.fi;88;0;4;
SMI_CONNECT_NB.Pltd;88;4;4;
SMI_CONNECT_NB.uState;88;8;4;
SMI_CONNECT_NB.CpuNb;88;12;4;
SMI_CONNECT_NB.MasterName;88;16;16;
SMI_CONNECT_NB.Reinit;88;32;1;
SMI_CONNECT_NB.ProtVers;88;33;4;
SMI_CONNECT_NB.Done;88;37;1;
SMI_CONNECT_NB.Error;88;38;1;
SMI_CONNECT_NB.Status;88;39;4;
SMI_CONNECT_NB.ConnId;88;43;4;
SMI_EXTRACTLIBERR.Error;89;0;4;
SMI_EXTRACTLIBERR.<RET>;89;4;4;
SMI_EXTRACTSMIERR.Error;90;0;4;
SMI_EXTRACTSMIERR.<RET>;90;4;4;
.SMI_GETADDR;0;0;87;
SMI_GETADDR.fi;92;0;4;
SMI_GETADDR.Req;92;4;1;
SMI_GETADDR.ConnId;92;5;4;
SMI_GETADDR.ValueName;92;9;64;
SMI_GETADDR.Ndr;92;73;1;
SMI_GETADDR.Error;92;74;1;
SMI_GETADDR.Status;92;75;4;
SMI_GETADDR.SmiHandle;92;79;8;
.SMI_GETADDRESS;0;0;87;
SMI_GETADDRESS.fi;94;0;4;
SMI_GETADDRESS.Req;94;4;1;
SMI_GETADDRESS.ConnId;94;5;4;
SMI_GETADDRESS.ValueName;94;9;64;
SMI_GETADDRESS.Ndr;94;73;1;
SMI_GETADDRESS.Error;94;74;1;
SMI_GETADDRESS.Status;94;75;4;
SMI_GETADDRESS.VAddr;94;79;8;
.SMI_GETBLK;0;0;31;
SMI_GETBLK.fi;95;0;4;
SMI_GETBLK.Req;95;4;1;
SMI_GETBLK.ConnId;95;5;4;
SMI_GETBLK.SmiHandle;95;9;8;
SMI_GETBLK.Addr;95;17;4;
SMI_GETBLK.Length;95;21;2;
SMI_GETBLK.Ndr;95;23;1;
SMI_GETBLK.Error;95;24;1;
SMI_GETBLK.Status;95;25;4;
SMI_GETBLK.NRead;95;29;2;
SMI_GETCONNSTATUS.ConnId;97;0;4;
SMI_GETCONNSTATUS.<RET>;97;4;32;
SMI_GETOWNIPADDR.EthCard;98;0;4;
SMI_GETOWNIPADDR.<RET>;98;4;4;
.SMI_GETVAL;0;0;27;
SMI_GETVAL.fi;99;0;4;
SMI_GETVAL.Req;99;4;1;
SMI_GETVAL.ConnId;99;5;4;
SMI_GETVAL.SmiHandle;99;9;8;
SMI_GETVAL.Ndr;99;17;1;
SMI_GETVAL.Error;99;18;1;
SMI_GETVAL.Status;99;19;4;
SMI_GETVAL.Value;99;23;4;
SMI_GETVALFN.ConnId;100;0;4;
SMI_GETVALFN.SmiAddr;100;4;4;
SMI_GETVALFN.ValAddr;100;8;4;
SMI_GETVALFN.<RET>;100;12;4;
.SMI_GETVALLST;0;0;787;
SMI_GETVALLST.fi;101;0;4;
SMI_GETVALLST.Req;101;4;1;
SMI_GETVALLST.ConnId;101;5;4;
SMI_GETVALLST.SmiHandleF;101;9;512;
SMI_GETVALLST.NumberOf;101;521;4;
SMI_GETVALLST.Ndr;101;525;1;
SMI_GETVALLST.Error;101;526;1;
SMI_GETVALLST.Status;101;527;4;
SMI_GETVALLST.Rdf;101;531;256;
SMI_GETVERSION.dummy;102;0;1;
SMI_GETVERSION.<RET>;102;1;16;
.SMI_LOGIN;0;0;99;
SMI_LOGIN.fi;103;0;4;
SMI_LOGIN.CpuNb;103;4;4;
SMI_LOGIN.MasterName;103;8;16;
SMI_LOGIN.Reinit;103;24;1;
SMI_LOGIN.ProtVers;103;25;4;
SMI_LOGIN.LoginName;103;29;20;
SMI_LOGIN.Password;103;49;40;
SMI_LOGIN.Done;103;89;1;
SMI_LOGIN.Error;103;90;1;
SMI_LOGIN.Status;103;91;4;
SMI_LOGIN.ConnId;103;95;4;
.SMI_LOGIN_NB;0;0;107;
SMI_LOGIN_NB.fi;104;0;4;
SMI_LOGIN_NB.Pltd;104;4;4;
SMI_LOGIN_NB.uState;104;8;4;
SMI_LOGIN_NB.CpuNb;104;12;4;
SMI_LOGIN_NB.MasterName;104;16;16;
SMI_LOGIN_NB.Reinit;104;32;1;
SMI_LOGIN_NB.ProtVers;104;33;4;
SMI_LOGIN_NB.LoginName;104;37;20;
SMI_LOGIN_NB.Password;104;57;40;
SMI_LOGIN_NB.Done;104;97;1;
SMI_LOGIN_NB.Error;104;98;1;
SMI_LOGIN_NB.Status;104;99;4;
SMI_LOGIN_NB.ConnId;104;103;4;
.SMI_PING;0;0;43;
SMI_PING.Pltd;105;0;4;
SMI_PING.Req;105;4;1;
SMI_PING.CpuNb;105;5;4;
SMI_PING.ModuleName;105;9;16;
SMI_PING.ProtVers;105;25;4;
SMI_PING.TestLevel;105;29;2;
SMI_PING.Done;105;31;1;
SMI_PING.Error;105;32;1;
SMI_PING.Status;105;33;4;
SMI_PING.TestResult;105;37;2;
SMI_PING.AppState;105;39;4;
.SMI_PINGEX;0;0;23;
SMI_PINGEX.Pltd;106;0;4;
SMI_PINGEX.Req;106;4;1;
SMI_PINGEX.ConnId;106;5;4;
SMI_PINGEX.TestLevel;106;9;2;
SMI_PINGEX.Done;106;11;1;
SMI_PINGEX.Error;106;12;1;
SMI_PINGEX.Status;106;13;4;
SMI_PINGEX.TestResult;106;17;2;
SMI_PINGEX.AppState;106;19;4;
SMI_READ.ValAddr;107;0;4;
SMI_READ.ConnId;107;4;4;
SMI_READ.VarCode;107;8;4;
SMI_READ.VarIndex;107;12;4;
SMI_READ.<RET>;107;16;4;
.SMI_READBLOCK;0;0;1051;
SMI_READBLOCK.fi;108;0;4;
SMI_READBLOCK.Req;108;4;1;
SMI_READBLOCK.ConnId;108;5;4;
SMI_READBLOCK.VarCode;108;9;4;
SMI_READBLOCK.VarStart;108;13;4;
SMI_READBLOCK.NumberOf;108;17;4;
SMI_READBLOCK.Ndr;108;21;1;
SMI_READBLOCK.Error;108;22;1;
SMI_READBLOCK.Status;108;23;4;
SMI_READBLOCK.Rdf;108;27;1024;
.SMI_READLIST;0;0;787;
SMI_READLIST.fi;109;0;4;
SMI_READLIST.Req;109;4;1;
SMI_READLIST.ConnId;109;5;4;
SMI_READLIST.VAddrF;109;9;512;
SMI_READLIST.NumberOf;109;521;4;
SMI_READLIST.Ndr;109;525;1;
SMI_READLIST.Error;109;526;1;
SMI_READLIST.Status;109;527;4;
SMI_READLIST.Rdf;109;531;256;
.SMI_READSTRING;0;0;31;
SMI_READSTRING.fi;110;0;4;
SMI_READSTRING.Req;110;4;1;
SMI_READSTRING.ConnId;110;5;4;
SMI_READSTRING.VAddr;110;9;8;
SMI_READSTRING.Addr;110;17;4;
SMI_READSTRING.Length;110;21;2;
SMI_READSTRING.Ndr;110;23;1;
SMI_READSTRING.Error;110;24;1;
SMI_READSTRING.Status;110;25;4;
SMI_READSTRING.NRead;110;29;2;
.SMI_READVAR;0;0;31;
SMI_READVAR.fi;111;0;4;
SMI_READVAR.Req;111;4;1;
SMI_READVAR.ConnId;111;5;4;
SMI_READVAR.VAddr;111;9;8;
SMI_READVAR.Ndr;111;17;1;
SMI_READVAR.Error;111;18;1;
SMI_READVAR.Status;111;19;4;
SMI_READVAR.IntegVal;111;23;4;
SMI_READVAR.FloatVal;111;27;4;
.SMI_RELEASEACCESS;0;0;15;
SMI_RELEASEACCESS.fi;112;0;4;
SMI_RELEASEACCESS.Req;112;4;1;
SMI_RELEASEACCESS.ConnId;112;5;4;
SMI_RELEASEACCESS.Done;112;9;1;
SMI_RELEASEACCESS.Error;112;10;1;
SMI_RELEASEACCESS.Status;112;11;4;
.SMI_REQUESTACCESS;0;0;15;
SMI_REQUESTACCESS.fi;113;0;4;
SMI_REQUESTACCESS.Req;113;4;1;
SMI_REQUESTACCESS.ConnId;113;5;4;
SMI_REQUESTACCESS.Done;113;9;1;
SMI_REQUESTACCESS.Error;113;10;1;
SMI_REQUESTACCESS.Status;113;11;4;
.SMI_RETAINEXPORT;0;0;94;
SMI_RETAINEXPORT.hJob;114;0;4;
SMI_RETAINEXPORT.Request;114;4;1;
SMI_RETAINEXPORT.FileName;114;5;84;
SMI_RETAINEXPORT.State;114;89;4;
SMI_RETAINEXPORT.Error;114;93;1;
.SMI_SETBLK;0;0;29;
SMI_SETBLK.fi;115;0;4;
SMI_SETBLK.Req;115;4;1;
SMI_SETBLK.ConnId;115;5;4;
SMI_SETBLK.SmiHandle;115;9;8;
SMI_SETBLK.Addr;115;17;4;
SMI_SETBLK.Length;115;21;2;
SMI_SETBLK.Done;115;23;1;
SMI_SETBLK.Error;115;24;1;
SMI_SETBLK.Status;115;25;4;
.SMI_SETVAL;0;0;27;
SMI_SETVAL.fi;116;0;4;
SMI_SETVAL.Req;116;4;1;
SMI_SETVAL.ConnId;116;5;4;
SMI_SETVAL.SmiHandle;116;9;8;
SMI_SETVAL.Value;116;17;4;
SMI_SETVAL.Done;116;21;1;
SMI_SETVAL.Error;116;22;1;
SMI_SETVAL.Status;116;23;4;
SMI_SETVALFN.ConnId;117;0;4;
SMI_SETVALFN.SmiAddr;117;4;4;
SMI_SETVALFN.ValAddr;117;8;4;
SMI_SETVALFN.<RET>;117;12;4;
.SMI_SETVALLST;0;0;787;
SMI_SETVALLST.fi;118;0;4;
SMI_SETVALLST.Req;118;4;1;
SMI_SETVALLST.ConnId;118;5;4;
SMI_SETVALLST.SmiHandleF;118;9;512;
SMI_SETVALLST.NumberOf;118;521;4;
SMI_SETVALLST.Sdf;118;525;256;
SMI_SETVALLST.Done;118;781;1;
SMI_SETVALLST.Error;118;782;1;
SMI_SETVALLST.Status;118;783;4;
.SMI_SOCK_CLIENTOPEN;0;0;37;
SMI_SOCK_CLIENTOPEN.ProtType;120;0;4;
SMI_SOCK_CLIENTOPEN.ServerPort;120;4;2;
SMI_SOCK_CLIENTOPEN.ServerIP;120;6;4;
SMI_SOCK_CLIENTOPEN.Mode;120;10;4;
SMI_SOCK_CLIENTOPEN.Req;120;14;1;
SMI_SOCK_CLIENTOPEN.State;120;15;4;
SMI_SOCK_CLIENTOPEN.ConnDesc;120;19;18;
.SMI_SOCK_CLIENTOPEN_NB;0;0;43;
SMI_SOCK_CLIENTOPEN_NB.Pltd;121;0;4;
SMI_SOCK_CLIENTOPEN_NB.ProtType;121;4;4;
SMI_SOCK_CLIENTOPEN_NB.ServerPort;121;8;2;
SMI_SOCK_CLIENTOPEN_NB.ServerIP;121;10;4;
SMI_SOCK_CLIENTOPEN_NB.ClientIP;121;14;4;
SMI_SOCK_CLIENTOPEN_NB.Req;121;18;1;
SMI_SOCK_CLIENTOPEN_NB.Done;121;19;1;
SMI_SOCK_CLIENTOPEN_NB.Error;121;20;1;
SMI_SOCK_CLIENTOPEN_NB.State;121;21;4;
SMI_SOCK_CLIENTOPEN_NB.ConnDesc;121;25;18;
.SMI_SOCK_CLOSE;0;0;23;
SMI_SOCK_CLOSE.ConnDesc;122;0;18;
SMI_SOCK_CLOSE.Req;122;18;1;
SMI_SOCK_CLOSE.State;122;19;4;
.SMI_SOCK_CLOSE_NB;0;0;29;
SMI_SOCK_CLOSE_NB.PThread;123;0;4;
SMI_SOCK_CLOSE_NB.ConnDesc;123;4;18;
SMI_SOCK_CLOSE_NB.Req;123;22;1;
SMI_SOCK_CLOSE_NB.Done;123;23;1;
SMI_SOCK_CLOSE_NB.Error;123;24;1;
SMI_SOCK_CLOSE_NB.State;123;25;4;
.SMI_SOCK_READ;0;0;57;
SMI_SOCK_READ.ConnDesc;124;0;18;
SMI_SOCK_READ.Mode;124;18;4;
SMI_SOCK_READ.DataBuf;124;22;4;
SMI_SOCK_READ.DataLen;124;26;4;
SMI_SOCK_READ.Req;124;30;1;
SMI_SOCK_READ.RecLen;124;31;4;
SMI_SOCK_READ.State;124;35;4;
SMI_SOCK_READ.RecConnDesc;124;39;18;
.SMI_SOCK_READ_NB;0;0;59;
SMI_SOCK_READ_NB.PThread;125;0;4;
SMI_SOCK_READ_NB.ConnDesc;125;4;18;
SMI_SOCK_READ_NB.DataBuf;125;22;4;
SMI_SOCK_READ_NB.DataLen;125;26;4;
SMI_SOCK_READ_NB.Req;125;30;1;
SMI_SOCK_READ_NB.Done;125;31;1;
SMI_SOCK_READ_NB.Error;125;32;1;
SMI_SOCK_READ_NB.State;125;33;4;
SMI_SOCK_READ_NB.RecLen;125;37;4;
SMI_SOCK_READ_NB.RecConnDesc;125;41;18;
.SMI_SOCK_SERVEROPEN;0;0;41;
SMI_SOCK_SERVEROPEN.ProtType;126;0;4;
SMI_SOCK_SERVEROPEN.ServerPort;126;4;2;
SMI_SOCK_SERVEROPEN.ServerIP;126;6;4;
SMI_SOCK_SERVEROPEN.Mode;126;10;4;
SMI_SOCK_SERVEROPEN.Req;126;14;1;
SMI_SOCK_SERVEROPEN.State;126;15;4;
SMI_SOCK_SERVEROPEN.ServerSocket;126;19;4;
SMI_SOCK_SERVEROPEN.ConnDesc;126;23;18;
.SMI_SOCK_SERVEROPEN_NB;0;0;43;
SMI_SOCK_SERVEROPEN_NB.Pltd;127;0;4;
SMI_SOCK_SERVEROPEN_NB.ProtType;127;4;4;
SMI_SOCK_SERVEROPEN_NB.ServerPort;127;8;2;
SMI_SOCK_SERVEROPEN_NB.ServerIP;127;10;4;
SMI_SOCK_SERVEROPEN_NB.Req;127;14;1;
SMI_SOCK_SERVEROPEN_NB.Done;127;15;1;
SMI_SOCK_SERVEROPEN_NB.Error;127;16;1;
SMI_SOCK_SERVEROPEN_NB.State;127;17;4;
SMI_SOCK_SERVEROPEN_NB.ServerSocket;127;21;4;
SMI_SOCK_SERVEROPEN_NB.ConnDesc;127;25;18;
.SMI_SOCK_SETOPT;0;0;31;
SMI_SOCK_SETOPT.ConnDesc;128;0;18;
SMI_SOCK_SETOPT.OptName;128;18;4;
SMI_SOCK_SETOPT.OptVal;128;22;4;
SMI_SOCK_SETOPT.Req;128;26;1;
SMI_SOCK_SETOPT.State;128;27;4;
.SMI_SOCK_WRITE;0;0;39;
SMI_SOCK_WRITE.ConnDesc;129;0;18;
SMI_SOCK_WRITE.DataBuf;129;18;4;
SMI_SOCK_WRITE.DataLen;129;22;4;
SMI_SOCK_WRITE.Mode;129;26;4;
SMI_SOCK_WRITE.Req;129;30;1;
SMI_SOCK_WRITE.State;129;31;4;
SMI_SOCK_WRITE.SendLen;129;35;4;
.SMI_SOCK_WRITE_NB;0;0;41;
SMI_SOCK_WRITE_NB.PThread;130;0;4;
SMI_SOCK_WRITE_NB.ConnDesc;130;4;18;
SMI_SOCK_WRITE_NB.DataBuf;130;22;4;
SMI_SOCK_WRITE_NB.DataLen;130;26;4;
SMI_SOCK_WRITE_NB.Req;130;30;1;
SMI_SOCK_WRITE_NB.Done;130;31;1;
SMI_SOCK_WRITE_NB.Error;130;32;1;
SMI_SOCK_WRITE_NB.State;130;33;4;
SMI_SOCK_WRITE_NB.SendLen;130;37;4;
.SMI_SOCK_WRITETO;0;0;45;
SMI_SOCK_WRITETO.ConnDesc;131;0;18;
SMI_SOCK_WRITETO.ServerPort;131;18;2;
SMI_SOCK_WRITETO.ServerIP;131;20;4;
SMI_SOCK_WRITETO.DataBuf;131;24;4;
SMI_SOCK_WRITETO.DataLen;131;28;4;
SMI_SOCK_WRITETO.Mode;131;32;4;
SMI_SOCK_WRITETO.Req;131;36;1;
SMI_SOCK_WRITETO.State;131;37;4;
SMI_SOCK_WRITETO.SendLen;131;41;4;
.SMI_SOCK_WRITETO_NB;0;0;47;
SMI_SOCK_WRITETO_NB.PThread;132;0;4;
SMI_SOCK_WRITETO_NB.ConnDesc;132;4;18;
SMI_SOCK_WRITETO_NB.ServerPort;132;22;2;
SMI_SOCK_WRITETO_NB.ServerIP;132;24;4;
SMI_SOCK_WRITETO_NB.DataBuf;132;28;4;
SMI_SOCK_WRITETO_NB.DataLen;132;32;4;
SMI_SOCK_WRITETO_NB.Req;132;36;1;
SMI_SOCK_WRITETO_NB.Done;132;37;1;
SMI_SOCK_WRITETO_NB.Error;132;38;1;
SMI_SOCK_WRITETO_NB.State;132;39;4;
SMI_SOCK_WRITETO_NB.SendLen;132;43;4;
SMI_WRITE.ValAddr;133;0;4;
SMI_WRITE.ConnId;133;4;4;
SMI_WRITE.VarCode;133;8;4;
SMI_WRITE.VarIndex;133;12;4;
SMI_WRITE.<RET>;133;16;4;
.SMI_WRITEBLOCK;0;0;1051;
SMI_WRITEBLOCK.fi;134;0;4;
SMI_WRITEBLOCK.Req;134;4;1;
SMI_WRITEBLOCK.ConnId;134;5;4;
SMI_WRITEBLOCK.VarCode;134;9;4;
SMI_WRITEBLOCK.VarStart;134;13;4;
SMI_WRITEBLOCK.NumberOf;134;17;4;
SMI_WRITEBLOCK.Sdf;134;21;1024;
SMI_WRITEBLOCK.Done;134;1045;1;
SMI_WRITEBLOCK.Error;134;1046;1;
SMI_WRITEBLOCK.Status;134;1047;4;
.SMI_WRITELIST;0;0;787;
SMI_WRITELIST.fi;135;0;4;
SMI_WRITELIST.Req;135;4;1;
SMI_WRITELIST.ConnId;135;5;4;
SMI_WRITELIST.VAddrF;135;9;512;
SMI_WRITELIST.NumberOf;135;521;4;
SMI_WRITELIST.Sdf;135;525;256;
SMI_WRITELIST.Done;135;781;1;
SMI_WRITELIST.Error;135;782;1;
SMI_WRITELIST.Status;135;783;4;
.SMI_WRITESTRING;0;0;29;
SMI_WRITESTRING.fi;136;0;4;
SMI_WRITESTRING.Req;136;4;1;
SMI_WRITESTRING.ConnId;136;5;4;
SMI_WRITESTRING.VAddr;136;9;8;
SMI_WRITESTRING.Addr;136;17;4;
SMI_WRITESTRING.Length;136;21;2;
SMI_WRITESTRING.Done;136;23;1;
SMI_WRITESTRING.Error;136;24;1;
SMI_WRITESTRING.Status;136;25;4;
.SMI_WRITEVAR;0;0;31;
SMI_WRITEVAR.fi;137;0;4;
SMI_WRITEVAR.Req;137;4;1;
SMI_WRITEVAR.ConnId;137;5;4;
SMI_WRITEVAR.VAddr;137;9;8;
SMI_WRITEVAR.IntegVal;137;17;4;
SMI_WRITEVAR.FloatVal;137;21;4;
SMI_WRITEVAR.Done;137;25;1;
SMI_WRITEVAR.Error;137;26;1;
SMI_WRITEVAR.Status;137;27;4;
.SMI_ADDR;0;0;8;
SMI_ADDR.Addr1;91;0;4;
SMI_ADDR.Addr2;91;4;4;
.SMI_RETCONNSTAT;0;0;32;
SMI_RETCONNSTAT.RetCode;96;0;4;
SMI_RETCONNSTAT.CpuNb;96;4;4;
SMI_RETCONNSTAT.ModuleNb;96;8;4;
SMI_RETCONNSTAT.PLibAddr;96;12;4;
SMI_RETCONNSTAT.UseCount;96;16;4;
SMI_RETCONNSTAT.ErrorCode;96;20;4;
SMI_RETCONNSTAT.FnGetStat;96;24;4;
SMI_RETCONNSTAT.FnRdyStat;96;28;4;
.SMI_SOCK_CONTROL;0;0;18;
SMI_SOCK_CONTROL.ProtType;119;0;4;
SMI_SOCK_CONTROL.Port;119;4;2;
SMI_SOCK_CONTROL.IpAddr;119;6;4;
SMI_SOCK_CONTROL.Socket;119;10;4;
SMI_SOCK_CONTROL.ServerSocket;119;14;4;
.VAR_ADDR;0;0;8;
VAR_ADDR.VarCode;93;0;4;
VAR_ADDR.VarIndex;93;4;4;
BCD_TO_DINT.Num;138;0;4;
BCD_TO_DINT.<RET>;138;4;4;
BCD_TO_INT.Num;139;0;2;
BCD_TO_INT.<RET>;139;2;2;
BCD_TO_SINT.Num;140;0;1;
BCD_TO_SINT.<RET>;140;1;1;
BIT_FIELDPACK.StartAddrBits;141;0;4;
BIT_FIELDPACK.StartIndx;141;4;4;
BIT_FIELDPACK.EndIndx;141;8;4;
BIT_FIELDPACK.BitsTogether;141;12;4;
BIT_FIELDPACK.StartAddrPacked;141;16;4;
BIT_FIELDPACK.<RET>;141;20;1;
BIT_FIELDSCAN.StartAddr;142;0;4;
BIT_FIELDSCAN.StartIndx;142;4;4;
BIT_FIELDSCAN.EndIndx;142;8;4;
BIT_FIELDSCAN.<RET>;142;12;4;
BIT_FIELDSCANPACK.StartAddrBits;143;0;4;
BIT_FIELDSCANPACK.StartIndx;143;4;4;
BIT_FIELDSCANPACK.EndIndx;143;8;4;
BIT_FIELDSCANPACK.BitsTogether;143;12;4;
BIT_FIELDSCANPACK.StartAddrPacked;143;16;4;
BIT_FIELDSCANPACK.<RET>;143;20;4;
BIT_PACK.StartAddr;144;0;4;
BIT_PACK.NumberOf;144;4;4;
BIT_PACK.<RET>;144;8;4;
BIT_SPLIT.StartAddr;145;0;4;
BIT_SPLIT.NumberOf;145;4;4;
BIT_SPLIT.Value;145;8;4;
BIT_SPLIT.<RET>;145;12;4;
DINT_TO_BCD.Num;146;0;4;
DINT_TO_BCD.<RET>;146;4;4;
HWIO_PACK16.StartAddr;147;0;4;
HWIO_PACK16.EndAddr;147;4;4;
HWIO_PACK16.<RET>;147;8;2;
HWIO_PACK32.StartAddr;148;0;4;
HWIO_PACK32.EndAddr;148;4;4;
HWIO_PACK32.<RET>;148;8;4;
HWIO_PACK8.StartAddr;149;0;4;
HWIO_PACK8.EndAddr;149;4;4;
HWIO_PACK8.<RET>;149;8;1;
HWIO_UNPACK.Packed;150;0;4;
HWIO_UNPACK.StartAddr;150;4;4;
HWIO_UNPACK.EndAddr;150;8;4;
HWIO_UNPACK.NumberOf;150;12;4;
HWIO_UNPACK.<RET>;150;16;4;
INT_TO_BCD.Num;151;0;2;
INT_TO_BCD.<RET>;151;2;2;
MEM_ATOMICCOPY.Dst;152;0;4;
MEM_ATOMICCOPY.Src;152;4;4;
MEM_ATOMICCOPY.Len;152;8;4;
MEM_ATOMICCOPY.<RET>;152;12;4;
MEM_CLEAR.AreaCode;153;0;4;
MEM_CLEAR.<RET>;153;4;4;
MEM_COPY.Dst;154;0;4;
MEM_COPY.Src;154;4;4;
MEM_COPY.Len;154;8;4;
MEM_COPY.<RET>;154;12;4;
MEM_GETSIZE.AreaCode;155;0;4;
MEM_GETSIZE.<RET>;155;4;4;
MSYS_GETCPUINFO.Dummy;160;0;4;
MSYS_GETCPUINFO.<RET>;160;4;64;
MSYS_GETDIRNAME.DirCode;161;0;4;
MSYS_GETDIRNAME.<RET>;161;4;256;
MSYS_GOPANIC.Dummy;162;0;4;
MSYS_GOPANIC.<RET>;162;4;4;
MSYS_WDOGSET.WatchTime;163;0;4;
MSYS_WDOGSET.IsMicro;163;4;1;
MSYS_WDOGSET.<RET>;163;5;4;
MSYS_WDOGTRIGGER.Dummy;164;0;4;
MSYS_WDOGTRIGGER.<RET>;164;4;4;
PF_CONTROL.Cmnd;165;0;4;
PF_CONTROL.<RET>;165;4;4;
PF_GETBOOL.Section;166;0;81;
PF_GETBOOL.Group;166;81;81;
PF_GETBOOL.Keyword;166;162;81;
PF_GETBOOL.Default;166;243;4;
PF_GETBOOL.Value;166;247;4;
PF_GETBOOL.StartLine;166;251;4;
PF_GETBOOL.FileName;166;255;81;
PF_GETBOOL.<RET>;166;336;4;
PF_GETBOOLEXT.Section;167;0;81;
PF_GETBOOLEXT.Group;167;81;81;
PF_GETBOOLEXT.Set;167;162;81;
PF_GETBOOLEXT.Unit;167;243;81;
PF_GETBOOLEXT.Keyword;167;324;81;
PF_GETBOOLEXT.Default;167;405;4;
PF_GETBOOLEXT.Value;167;409;4;
PF_GETBOOLEXT.StartLine;167;413;4;
PF_GETBOOLEXT.FileName;167;417;81;
PF_GETBOOLEXT.<RET>;167;498;4;
PF_GETINT.Section;168;0;81;
PF_GETINT.Group;168;81;81;
PF_GETINT.Keyword;168;162;81;
PF_GETINT.Default;168;243;4;
PF_GETINT.Value;168;247;4;
PF_GETINT.StartLine;168;251;4;
PF_GETINT.FileName;168;255;81;
PF_GETINT.<RET>;168;336;4;
PF_GETINTEXT.Section;169;0;81;
PF_GETINTEXT.Group;169;81;81;
PF_GETINTEXT.Set;169;162;81;
PF_GETINTEXT.Unit;169;243;81;
PF_GETINTEXT.Keyword;169;324;81;
PF_GETINTEXT.Default;169;405;4;
PF_GETINTEXT.Value;169;409;4;
PF_GETINTEXT.StartLine;169;413;4;
PF_GETINTEXT.FileName;169;417;81;
PF_GETINTEXT.<RET>;169;498;4;
PF_GETSECGRP.Section;170;0;16;
PF_GETSECGRP.Group;170;16;16;
PF_GETSECGRP.LastLine;170;32;4;
PF_GETSECGRP.FileName;170;36;81;
PF_GETSECGRP.<RET>;170;117;4;
PF_GETSTRG.Section;171;0;81;
PF_GETSTRG.Group;171;81;81;
PF_GETSTRG.Keyword;171;162;81;
PF_GETSTRG.Default;171;243;81;
PF_GETSTRG.Value;171;324;81;
PF_GETSTRG.StartLine;171;405;4;
PF_GETSTRG.FileName;171;409;81;
PF_GETSTRG.<RET>;171;490;4;
PF_GETSTRG2.Section;172;0;81;
PF_GETSTRG2.Group;172;81;81;
PF_GETSTRG2.Keyword;172;162;81;
PF_GETSTRG2.Default;172;243;81;
PF_GETSTRG2.Value;172;324;256;
PF_GETSTRG2.StartLine;172;580;4;
PF_GETSTRG2.FileName;172;584;81;
PF_GETSTRG2.<RET>;172;665;4;
PF_GETSTRGEXT.Section;173;0;81;
PF_GETSTRGEXT.Group;173;81;81;
PF_GETSTRGEXT.Set;173;162;81;
PF_GETSTRGEXT.Unit;173;243;81;
PF_GETSTRGEXT.Keyword;173;324;81;
PF_GETSTRGEXT.Default;173;405;81;
PF_GETSTRGEXT.Value;173;486;256;
PF_GETSTRGEXT.StartLine;173;742;4;
PF_GETSTRGEXT.FileName;173;746;81;
PF_GETSTRGEXT.<RET>;173;827;4;
.PF_SETSTRG_NB;0;0;599;
PF_SETSTRG_NB.Pltd;174;0;4;
PF_SETSTRG_NB.Req;174;4;1;
PF_SETSTRG_NB.Section;174;5;81;
PF_SETSTRG_NB.Group;174;86;81;
PF_SETSTRG_NB.Keyword;174;167;81;
PF_SETSTRG_NB.Value;174;248;256;
PF_SETSTRG_NB.StartLine;174;504;4;
PF_SETSTRG_NB.FileName;174;508;81;
PF_SETSTRG_NB.Done;174;589;1;
PF_SETSTRG_NB.Error;174;590;1;
PF_SETSTRG_NB.Status;174;591;4;
PF_SETSTRG_NB.WrittenLine;174;595;4;
.PF_SETSTRGEXT_NB;0;0;761;
PF_SETSTRGEXT_NB.Pltd;175;0;4;
PF_SETSTRGEXT_NB.Req;175;4;1;
PF_SETSTRGEXT_NB.Section;175;5;81;
PF_SETSTRGEXT_NB.Group;175;86;81;
PF_SETSTRGEXT_NB.Set;175;167;81;
PF_SETSTRGEXT_NB.Unit;175;248;81;
PF_SETSTRGEXT_NB.Keyword;175;329;81;
PF_SETSTRGEXT_NB.Value;175;410;256;
PF_SETSTRGEXT_NB.StartLine;175;666;4;
PF_SETSTRGEXT_NB.FileName;175;670;81;
PF_SETSTRGEXT_NB.Done;175;751;1;
PF_SETSTRGEXT_NB.Error;175;752;1;
PF_SETSTRGEXT_NB.Status;175;753;4;
PF_SETSTRGEXT_NB.WrittenLine;175;757;4;
RTC_GETCLOCK.dummy;176;0;1;
RTC_GETCLOCK.<RET>;176;1;8;
SINT_TO_BCD.Num;177;0;1;
SINT_TO_BCD.<RET>;177;1;1;
TCS_ARG_GETARGSTRING.Dummy;178;0;4;
TCS_ARG_GETARGSTRING.<RET>;178;4;256;
TCS_ARG_GETCONFIG.Dummy;180;0;4;
TCS_ARG_GETCONFIG.<RET>;180;4;68;
TCS_CYC_GETCYCSTAT.Dummy;182;0;4;
TCS_CYC_GETCYCSTAT.<RET>;182;4;68;
TCS_CYC_GETMAINRATIO.Dummy;183;0;4;
TCS_CYC_GETMAINRATIO.<RET>;183;4;4;
TCS_CYC_REINITCYCSTAT.Dummy;184;0;4;
TCS_CYC_REINITCYCSTAT.<RET>;184;4;4;
TCS_CYC_SETCYCSTAT.CycTime;185;0;4;
TCS_CYC_SETCYCSTAT.MainRatio;185;4;4;
TCS_CYC_SETCYCSTAT.Priority;185;8;4;
TCS_CYC_SETCYCSTAT.<RET>;185;12;4;
TCS_EXC_CHECK.Dummy;186;0;4;
TCS_EXC_CHECK.<RET>;186;4;4;
TCS_OLC_CHECK.Dummy;187;0;4;
TCS_OLC_CHECK.<RET>;187;4;4;
TCS_RTC_BUILDDT.Clock;189;0;36;
TCS_RTC_BUILDDT.<RET>;189;36;4;
TCS_RTC_GETDATEANDTIME.Dummy;190;0;4;
TCS_RTC_GETDATEANDTIME.<RET>;190;4;4;
TCS_RTC_GETTIME.Dummy;191;0;4;
TCS_RTC_GETTIME.<RET>;191;4;4;
TCS_RTC_LOCALTIME.D;192;0;4;
TCS_RTC_LOCALTIME.<RET>;192;4;36;
TCS_RTC_SETDATEANDTIME.D;193;0;4;
TCS_RTC_SETDATEANDTIME.<RET>;193;4;4;
TCS_RTC_UTCTIME.D;194;0;4;
TCS_RTC_UTCTIME.<RET>;194;4;36;
UTIL_ADDINT.Str;195;0;256;
UTIL_ADDINT.Val;195;256;4;
UTIL_ADDINT.<RET>;195;260;256;
.UTIL_CALLCFCN;0;0;120;
UTIL_CALLCFCN.FcnHandle;196;0;4;
UTIL_CALLCFCN.Cmd;196;4;4;
UTIL_CALLCFCN.Param1;196;8;4;
UTIL_CALLCFCN.Param2;196;12;4;
UTIL_CALLCFCN.Param3;196;16;4;
UTIL_CALLCFCN.Param4;196;20;4;
UTIL_CALLCFCN.Param5;196;24;4;
UTIL_CALLCFCN.Param6;196;28;4;
UTIL_CALLCFCN.FcnName;196;32;80;
UTIL_CALLCFCN.State;196;112;4;
UTIL_CALLCFCN.FcnReturn;196;116;4;
.UTIL_CALLCFCNEX;0;0;120;
UTIL_CALLCFCNEX.Cmd;197;0;4;
UTIL_CALLCFCNEX.Param1;197;4;4;
UTIL_CALLCFCNEX.Param2;197;8;4;
UTIL_CALLCFCNEX.Param3;197;12;4;
UTIL_CALLCFCNEX.Param4;197;16;4;
UTIL_CALLCFCNEX.Param5;197;20;4;
UTIL_CALLCFCNEX.Param6;197;24;4;
UTIL_CALLCFCNEX.FcnName;197;28;80;
UTIL_CALLCFCNEX.FcnHandle;197;108;4;
UTIL_CALLCFCNEX.State;197;112;4;
UTIL_CALLCFCNEX.FcnReturn;197;116;4;
.UTIL_CALLCFCNNB;0;0;141;
UTIL_CALLCFCNNB.pLTD;198;0;4;
UTIL_CALLCFCNNB.ExecuteM;198;4;1;
UTIL_CALLCFCNNB.Execute;198;5;1;
UTIL_CALLCFCNNB.FcnName;198;6;80;
UTIL_CALLCFCNNB.FcnHandle;198;86;4;
UTIL_CALLCFCNNB.Param1;198;90;4;
UTIL_CALLCFCNNB.Param2;198;94;4;
UTIL_CALLCFCNNB.Param3;198;98;4;
UTIL_CALLCFCNNB.Param4;198;102;4;
UTIL_CALLCFCNNB.Param5;198;106;4;
UTIL_CALLCFCNNB.Param6;198;110;4;
UTIL_CALLCFCNNB.Param7;198;114;4;
UTIL_CALLCFCNNB.Param8;198;118;4;
UTIL_CALLCFCNNB.Param9;198;122;4;
UTIL_CALLCFCNNB.Mode;198;126;4;
UTIL_CALLCFCNNB.FcnReturn;198;130;4;
UTIL_CALLCFCNNB.Done;198;134;1;
UTIL_CALLCFCNNB.Busy;198;135;1;
UTIL_CALLCFCNNB.Error;198;136;1;
UTIL_CALLCFCNNB.ErrorID;198;137;4;
UTIL_CHR.Chr;199;0;1;
UTIL_CHR.<RET>;199;1;2;
UTIL_DT_TO_TM.DateAndTime;201;0;4;
UTIL_DT_TO_TM.<RET>;201;4;36;
UTIL_ERRORSTRING.Code;202;0;4;
UTIL_ERRORSTRING.<RET>;202;4;256;
UTIL_GETCLOCK.Source;203;0;4;
UTIL_GETCLOCK.<RET>;203;4;8;
UTIL_GETCLOCKMONOTONIC.Dummy;204;0;4;
UTIL_GETCLOCKMONOTONIC.<RET>;204;4;8;
UTIL_GETCOREINDEX.pCoreIndex;205;0;4;
UTIL_GETCOREINDEX.<RET>;205;4;4;
UTIL_GETCYCSTAT.Dummy;207;0;4;
UTIL_GETCYCSTAT.<RET>;207;4;48;
UTIL_GETPROCTIME.Dummy;208;0;4;
UTIL_GETPROCTIME.<RET>;208;4;4;
.UTIL_GETSYMVALBYNAME;0;0;91;
UTIL_GETSYMVALBYNAME.SymHandle;209;0;4;
UTIL_GETSYMVALBYNAME.Name;209;4;80;
UTIL_GETSYMVALBYNAME.Length;209;84;1;
UTIL_GETSYMVALBYNAME.Value;209;85;4;
UTIL_GETSYMVALBYNAME.State;209;89;2;
UTIL_GETTIMEZONE.TimeZone;210;0;81;
UTIL_GETTIMEZONE.<RET>;210;81;4;
UTIL_GETUTCOFFSET.Dummy;211;0;1;
UTIL_GETUTCOFFSET.<RET>;211;1;4;
UTIL_GETVERSION.dummy;212;0;1;
UTIL_GETVERSION.<RET>;212;1;16;
.UTIL_LIST_CREATE;0;0;16;
UTIL_LIST_CREATE.ElemSize;213;0;4;
UTIL_LIST_CREATE.ListLen;213;4;4;
UTIL_LIST_CREATE.Handle;213;8;4;
UTIL_LIST_CREATE.State;213;12;4;
.UTIL_LIST_GET;0;0;32;
UTIL_LIST_GET.Handle;214;0;4;
UTIL_LIST_GET.DataAddr;214;4;4;
UTIL_LIST_GET.DataLen;214;8;4;
UTIL_LIST_GET.Mode;214;12;4;
UTIL_LIST_GET.FindId;214;16;4;
UTIL_LIST_GET.ElemId;214;20;4;
UTIL_LIST_GET.CopySize;214;24;4;
UTIL_LIST_GET.State;214;28;4;
.UTIL_LIST_INSERT;0;0;28;
UTIL_LIST_INSERT.Handle;215;0;4;
UTIL_LIST_INSERT.DataAddr;215;4;4;
UTIL_LIST_INSERT.DataLen;215;8;4;
UTIL_LIST_INSERT.Mode;215;12;4;
UTIL_LIST_INSERT.ElemId;215;16;4;
UTIL_LIST_INSERT.CopySize;215;20;4;
UTIL_LIST_INSERT.State;215;24;4;
.UTIL_LIST_REMOVE;0;0;16;
UTIL_LIST_REMOVE.Handle;216;0;4;
UTIL_LIST_REMOVE.Mode;216;4;4;
UTIL_LIST_REMOVE.ElemId;216;8;4;
UTIL_LIST_REMOVE.State;216;12;4;
UTIL_LOGERR.Str;217;0;256;
UTIL_LOGERR.<RET>;217;256;4;
UTIL_LOGINFO.Str;218;0;256;
UTIL_LOGINFO.<RET>;218;256;4;
UTIL_LOGSETDEBUGMODE.UseDebugMode;219;0;1;
UTIL_LOGSETDEBUGMODE.<RET>;219;1;4;
UTIL_LOGWRN.Str;220;0;256;
UTIL_LOGWRN.<RET>;220;256;4;
UTIL_ORD.Str;221;0;256;
UTIL_ORD.Index;221;256;4;
UTIL_ORD.<RET>;221;260;1;
UTIL_RTC_GETDATEANDTIME.Mode;222;0;4;
UTIL_RTC_GETDATEANDTIME.<RET>;222;4;4;
UTIL_RTC_SETDATEANDTIME.DateAndTime;223;0;4;
UTIL_RTC_SETDATEANDTIME.Mode;223;4;4;
UTIL_RTC_SETDATEANDTIME.<RET>;223;8;4;
UTIL_SETCORECATEGORY.CoreCategory;224;0;81;
UTIL_SETCORECATEGORY.<RET>;224;81;4;
UTIL_SETCYCSTAT.CycTime;225;0;4;
UTIL_SETCYCSTAT.MainRatio;225;4;4;
UTIL_SETCYCSTAT.Priority;225;8;4;
UTIL_SETCYCSTAT.<RET>;225;12;4;
.UTIL_SETSYMVALBYNAME;0;0;91;
UTIL_SETSYMVALBYNAME.SymHandle;226;0;4;
UTIL_SETSYMVALBYNAME.Name;226;4;80;
UTIL_SETSYMVALBYNAME.Value;226;84;4;
UTIL_SETSYMVALBYNAME.Length;226;88;1;
UTIL_SETSYMVALBYNAME.State;226;89;2;
UTIL_SETTIMEZONE.TimeZone;227;0;81;
UTIL_SETTIMEZONE.Remanent;227;81;1;
UTIL_SETTIMEZONE.<RET>;227;82;4;
UTIL_TM_TO_DT.DateAndTime;228;0;36;
UTIL_TM_TO_DT.<RET>;228;36;4;
.MSYS_CPUINFO;0;0;64;
MSYS_CPUINFO.RetCode;159;0;4;
MSYS_CPUINFO.CpuSwitch;159;4;4;
MSYS_CPUINFO.ProcNum;159;8;4;
MSYS_CPUINFO.CpuClock;159;12;4;
MSYS_CPUINFO.TickRate;159;16;4;
MSYS_CPUINFO.TimeSlice;159;20;4;
MSYS_CPUINFO.TotalTicks;159;24;4;
MSYS_CPUINFO.AuxClkRate;159;28;4;
MSYS_CPUINFO.RestartCount;159;32;4;
MSYS_CPUINFO.DebugMode;159;36;4;
MSYS_CPUINFO.SizeDRam;159;40;4;
MSYS_CPUINFO.SizeNVRam;159;44;4;
MSYS_CPUINFO.ProcType;159;48;4;
MSYS_CPUINFO.pExtCpuInfo;159;52;4;
MSYS_CPUINFO.pEthStatist;159;56;4;
MSYS_CPUINFO.EnableMMP;159;60;1;
MSYS_CPUINFO.HyperThreading;159;61;1;
MSYS_CPUINFO.NbOfCores;159;62;1;
MSYS_CPUINFO.ReservedCores;159;63;1;
.MSYS_ETHSTAT;0;0;464;
MSYS_ETHSTAT.InOverloadCount;158;0;4;
MSYS_ETHSTAT.OutOverloadCount;158;4;4;
MSYS_ETHSTAT.BcOverloadCount;158;8;4;
MSYS_ETHSTAT.InBytes100msPeak;158;12;4;
MSYS_ETHSTAT.BcBytes100msPeak;158;16;4;
MSYS_ETHSTAT.OutBytes100msPeak;158;20;4;
MSYS_ETHSTAT.StartTicks10ms;158;24;40;
MSYS_ETHSTAT.InBytes10ms;158;64;40;
MSYS_ETHSTAT.BcBytes10ms;158;104;40;
MSYS_ETHSTAT.OutBytes10ms;158;144;40;
MSYS_ETHSTAT.CurrIndex100s;158;184;4;
MSYS_ETHSTAT.InPacks100s;158;188;40;
MSYS_ETHSTAT.InBytes100s;158;228;40;
MSYS_ETHSTAT.BcPacks100s;158;268;40;
MSYS_ETHSTAT.BcBytes100s;158;308;40;
MSYS_ETHSTAT.OutPacks100s;158;348;40;
MSYS_ETHSTAT.OutBytes100s;158;388;40;
MSYS_ETHSTAT.InPacksTotal;158;428;4;
MSYS_ETHSTAT.InBytesTotalLow;158;432;4;
MSYS_ETHSTAT.InBytesTotalHigh;158;436;4;
MSYS_ETHSTAT.BcPacksTotal;158;440;4;
MSYS_ETHSTAT.BcBytesTotalLow;158;444;4;
MSYS_ETHSTAT.BcBytesTotalHigh;158;448;4;
MSYS_ETHSTAT.OutPacksTotal;158;452;4;
MSYS_ETHSTAT.OutBytesTotalLow;158;456;4;
MSYS_ETHSTAT.OutBytesTotalHigh;158;460;4;
.MSYS_EXTCPUINFO;0;0;180;
MSYS_EXTCPUINFO.CurrTemp;157;0;4;
MSYS_EXTCPUINFO.MinTemp;157;4;4;
MSYS_EXTCPUINFO.MaxTemp;157;8;4;
MSYS_EXTCPUINFO.CpuUsage100Low;157;12;4;
MSYS_EXTCPUINFO.CpuUsage100High;157;16;4;
MSYS_EXTCPUINFO.CpuUsage1000Low;157;20;4;
MSYS_EXTCPUINFO.CpuUsage1000High;157;24;4;
MSYS_EXTCPUINFO.CpuUsageTotalLow;157;28;4;
MSYS_EXTCPUINFO.CpuUsageTotalHigh;157;32;4;
MSYS_EXTCPUINFO.TotalTimeLow;157;36;4;
MSYS_EXTCPUINFO.TotalTimeHigh;157;40;4;
MSYS_EXTCPUINFO.Spare;157;44;16;
MSYS_EXTCPUINFO.UnitsTime;157;60;4;
MSYS_EXTCPUINFO.LastIdleTime;157;64;4;
MSYS_EXTCPUINFO.MaxPccErases;157;68;4;
MSYS_EXTCPUINFO.MaxFlashErases;157;72;4;
MSYS_EXTCPUINFO.StrayInterrupts;157;76;4;
MSYS_EXTCPUINFO.SyncHigh;157;80;4;
MSYS_EXTCPUINFO.SyncLow;157;84;4;
MSYS_EXTCPUINFO.pSyncCount;157;88;4;
MSYS_EXTCPUINFO.pAuxClkCount;157;92;4;
MSYS_EXTCPUINFO.PccPresent;157;96;1;
MSYS_EXTCPUINFO.PccPluggedIn;157;97;1;
MSYS_EXTCPUINFO.PccWritable;157;98;1;
MSYS_EXTCPUINFO.PccCheckError;157;99;1;
MSYS_EXTCPUINFO.FlashPresent;157;100;1;
MSYS_EXTCPUINFO.FlashWritable;157;101;1;
MSYS_EXTCPUINFO.FlashCheckError;157;102;1;
MSYS_EXTCPUINFO.NVRamSupplError;157;103;1;
MSYS_EXTCPUINFO.NVRamCheckError;157;104;1;
MSYS_EXTCPUINFO.StackCheckError;157;105;1;
MSYS_EXTCPUINFO.DRamCheckError;157;106;1;
MSYS_EXTCPUINFO.RTCError;157;107;1;
MSYS_EXTCPUINFO.SoftBootError;157;108;1;
MSYS_EXTCPUINFO.HardBootError;157;109;1;
MSYS_EXTCPUINFO.LongNameEnable;157;110;1;
MSYS_EXTCPUINFO.TickSource;157;111;1;
MSYS_EXTCPUINFO.SntpTimestamp;157;112;4;
MSYS_EXTCPUINFO.RebootReason;157;116;4;
MSYS_EXTCPUINFO.RebootInf;157;120;40;
MSYS_EXTCPUINFO.SntpTimeRecv;157;160;8;
MSYS_EXTCPUINFO.SntpTimeCorr;157;168;8;
MSYS_EXTCPUINFO.SntpMaxCorrection;157;176;4;
.TCS_ARGINFO;0;0;68;
TCS_ARGINFO.Verbose;179;0;4;
TCS_ARGINFO.StopAfterStart;179;4;4;
TCS_ARGINFO.ConfState;179;8;4;
TCS_ARGINFO.TimeSlice;179;12;4;
TCS_ARGINFO.WithWatchdog;179;16;4;
TCS_ARGINFO.WatchTime;179;20;4;
TCS_ARGINFO.MissingModules;179;24;4;
TCS_ARGINFO.ArgNumber;179;28;4;
TCS_ARGINFO.ArgStringLen;179;32;4;
TCS_ARGINFO.Name;179;36;16;
TCS_ARGINFO.VersCode;179;52;12;
TCS_ARGINFO.VersType;179;64;4;
.TCS_CLOCK;0;0;36;
TCS_CLOCK.Second;188;0;4;
TCS_CLOCK.Minute;188;4;4;
TCS_CLOCK.Hour;188;8;4;
TCS_CLOCK.Day;188;12;4;
TCS_CLOCK.Month;188;16;4;
TCS_CLOCK.Year;188;20;4;
TCS_CLOCK.WeekDay;188;24;4;
TCS_CLOCK.YearDay;188;28;4;
TCS_CLOCK.DSTFlag;188;32;4;
.TCS_CYCSTAT;0;0;68;
TCS_CYCSTAT.EntrySize;181;0;4;
TCS_CYCSTAT.EntryType;181;4;4;
TCS_CYCSTAT.Running;181;8;4;
TCS_CYCSTAT.Priority;181;12;4;
TCS_CYCSTAT.CycTime;181;16;4;
TCS_CYCSTAT.DiffTime;181;20;4;
TCS_CYCSTAT.MinTime;181;24;4;
TCS_CYCSTAT.MaxTime;181;28;4;
TCS_CYCSTAT.AvgTime;181;32;4;
TCS_CYCSTAT.AvgParam;181;36;4;
TCS_CYCSTAT.CycCnt;181;40;4;
TCS_CYCSTAT.Activity;181;44;4;
TCS_CYCSTAT.LastTime;181;48;4;
TCS_CYCSTAT.MinRunTime;181;52;4;
TCS_CYCSTAT.MaxRunTime;181;56;4;
TCS_CYCSTAT.AvgRunTime;181;60;4;
TCS_CYCSTAT.Running_us;181;64;4;
.TIMESPEC;0;0;8;
TIMESPEC.DateAndTime;156;0;4;
TIMESPEC.NanoSeconds;156;4;4;
.UTIL_CYCSTAT;0;0;48;
UTIL_CYCSTAT.Priority;206;0;4;
UTIL_CYCSTAT.CycTime;206;4;4;
UTIL_CYCSTAT.MainRatio;206;8;4;
UTIL_CYCSTAT.CycCnt;206;12;4;
UTIL_CYCSTAT.RunTimeMin;206;16;4;
UTIL_CYCSTAT.RunTimeMax;206;20;4;
UTIL_CYCSTAT.RunTimeAvg;206;24;4;
UTIL_CYCSTAT.RunTimeTotal;206;28;4;
UTIL_CYCSTAT.CycleTimeMin;206;32;4;
UTIL_CYCSTAT.CycleTimeMax;206;36;4;
UTIL_CYCSTAT.CycleTimeAvg;206;40;4;
UTIL_CYCSTAT.ErrorCode;206;44;4;
.UTIL_TM;0;0;36;
UTIL_TM.Second;200;0;4;
UTIL_TM.Minute;200;4;4;
UTIL_TM.Hour;200;8;4;
UTIL_TM.Day;200;12;4;
UTIL_TM.Month;200;16;4;
UTIL_TM.Year;200;20;4;
UTIL_TM.WeekDay;200;24;4;
UTIL_TM.YearDay;200;28;4;
UTIL_TM.DSTFlag;200;32;4;
.Index7001;6;4634;4;
.Index7002;6;4638;4;
.Index7003;6;4642;4;
.Index7004;6;4646;4;
.Index7005;6;4650;4;
.Index7006;6;4654;4;
.Index7007;6;4658;4;
.Index7008;6;4662;4;
.Index7009;6;4666;4;
.bBool7001;6;4670;1;
.bRetain7001;6;4671;1;
